正在执行...
2021-07-04T17:02:26.757+0800: [GC pause (G1 Evacuation Pause) (young), 0.0106146 secs]
   [Parallel Time: 9.4 ms, GC Workers: 8]
      [GC Worker Start (ms): Min: 232.8, Avg: 232.9, Max: 233.1, Diff: 0.3]
      [Ext Root Scanning (ms): Min: 0.0, Avg: 0.4, Max: 2.3, Diff: 2.3, Sum: 3.3]
      [Update RS (ms): Min: 0.0, Avg: 0.0, Max: 0.0, Diff: 0.0, Sum: 0.0]
         [Processed Buffers: Min: 0, Avg: 0.0, Max: 0, Diff: 0, Sum: 0]
      [Scan RS (ms): Min: 0.0, Avg: 0.0, Max: 0.0, Diff: 0.0, Sum: 0.1]
      [Code Root Scanning (ms): Min: 0.0, Avg: 0.1, Max: 1.0, Diff: 1.0, Sum: 1.0]
      [Object Copy (ms): Min: 6.9, Avg: 8.6, Max: 9.1, Diff: 2.2, Sum: 68.7]
      [Termination (ms): Min: 0.0, Avg: 0.1, Max: 0.2, Diff: 0.2, Sum: 0.8]
         [Termination Attempts: Min: 1, Avg: 1.0, Max: 1, Diff: 0, Sum: 8]
      [GC Worker Other (ms): Min: 0.0, Avg: 0.0, Max: 0.1, Diff: 0.0, Sum: 0.3]
      [GC Worker Total (ms): Min: 9.0, Avg: 9.3, Max: 9.3, Diff: 0.3, Sum: 74.2]
      [GC Worker End (ms): Min: 242.1, Avg: 242.1, Max: 242.2, Diff: 0.0]
   [Code Root Fixup: 0.0 ms]
   [Code Root Purge: 0.0 ms]
   [Clear CT: 0.3 ms]
   [Other: 0.9 ms]
      [Choose CSet: 0.0 ms]
      [Ref Proc: 0.4 ms]
      [Ref Enq: 0.0 ms]
      [Redirty Cards: 0.2 ms]
      [Humongous Register: 0.0 ms]
      [Humongous Reclaim: 0.0 ms]
      [Free CSet: 0.0 ms]
   [Eden: 204.0M(204.0M)->0.0B(178.0M) Survivors: 0.0B->26.0M Heap: 204.0M(4096.0M)->80.4M(4096.0M)]
 [Times: user=0.00 sys=0.02, real=0.01 secs]
2021-07-04T17:02:26.790+0800: [GC pause (G1 Evacuation Pause) (young), 0.0097194 secs]
   [Parallel Time: 9.0 ms, GC Workers: 8]
      [GC Worker Start (ms): Min: 265.9, Avg: 266.6, Max: 269.1, Diff: 3.3]
      [Ext Root Scanning (ms): Min: 0.0, Avg: 0.1, Max: 0.2, Diff: 0.2, Sum: 0.8]
      [Update RS (ms): Min: 0.0, Avg: 0.0, Max: 0.0, Diff: 0.0, Sum: 0.1]
         [Processed Buffers: Min: 0, Avg: 1.1, Max: 3, Diff: 3, Sum: 9]
      [Scan RS (ms): Min: 0.0, Avg: 0.0, Max: 0.0, Diff: 0.0, Sum: 0.1]
      [Code Root Scanning (ms): Min: 0.0, Avg: 0.0, Max: 0.0, Diff: 0.0, Sum: 0.0]
      [Object Copy (ms): Min: 5.4, Avg: 7.8, Max: 8.7, Diff: 3.3, Sum: 62.7]
      [Termination (ms): Min: 0.0, Avg: 0.1, Max: 0.3, Diff: 0.3, Sum: 1.1]
         [Termination Attempts: Min: 1, Avg: 1.0, Max: 1, Diff: 0, Sum: 8]
      [GC Worker Other (ms): Min: 0.0, Avg: 0.0, Max: 0.0, Diff: 0.0, Sum: 0.2]
      [GC Worker Total (ms): Min: 5.6, Avg: 8.1, Max: 8.9, Diff: 3.3, Sum: 65.0]
      [GC Worker End (ms): Min: 274.7, Avg: 274.8, Max: 274.8, Diff: 0.0]
   [Code Root Fixup: 0.0 ms]
   [Code Root Purge: 0.0 ms]
   [Clear CT: 0.1 ms]
   [Other: 0.6 ms]
      [Choose CSet: 0.0 ms]
      [Ref Proc: 0.2 ms]
      [Ref Enq: 0.0 ms]
      [Redirty Cards: 0.1 ms]
      [Humongous Register: 0.1 ms]
      [Humongous Reclaim: 0.0 ms]
      [Free CSet: 0.0 ms]
   [Eden: 178.0M(178.0M)->0.0B(178.0M) Survivors: 26.0M->26.0M Heap: 258.4M(4096.0M)->137.3M(4096.0M)]
 [Times: user=0.00 sys=0.00, real=0.01 secs]
2021-07-04T17:02:26.822+0800: [GC pause (G1 Evacuation Pause) (young), 0.0085478 secs]
   [Parallel Time: 8.0 ms, GC Workers: 8]
      [GC Worker Start (ms): Min: 297.9, Avg: 297.9, Max: 298.0, Diff: 0.2]
      [Ext Root Scanning (ms): Min: 0.0, Avg: 0.1, Max: 0.1, Diff: 0.1, Sum: 0.7]
      [Update RS (ms): Min: 0.0, Avg: 0.1, Max: 0.3, Diff: 0.2, Sum: 0.6]
         [Processed Buffers: Min: 1, Avg: 1.3, Max: 2, Diff: 1, Sum: 10]
      [Scan RS (ms): Min: 0.0, Avg: 0.0, Max: 0.0, Diff: 0.0, Sum: 0.1]
      [Code Root Scanning (ms): Min: 0.0, Avg: 0.0, Max: 0.0, Diff: 0.0, Sum: 0.0]
      [Object Copy (ms): Min: 7.3, Avg: 7.5, Max: 7.7, Diff: 0.4, Sum: 59.7]
      [Termination (ms): Min: 0.0, Avg: 0.2, Max: 0.3, Diff: 0.3, Sum: 1.4]
         [Termination Attempts: Min: 1, Avg: 1.0, Max: 1, Diff: 0, Sum: 8]
      [GC Worker Other (ms): Min: 0.0, Avg: 0.0, Max: 0.0, Diff: 0.0, Sum: 0.1]
      [GC Worker Total (ms): Min: 7.7, Avg: 7.8, Max: 7.9, Diff: 0.2, Sum: 62.6]
      [GC Worker End (ms): Min: 305.7, Avg: 305.7, Max: 305.7, Diff: 0.0]
   [Code Root Fixup: 0.0 ms]
   [Code Root Purge: 0.0 ms]
   [Clear CT: 0.1 ms]
   [Other: 0.5 ms]
      [Choose CSet: 0.0 ms]
      [Ref Proc: 0.1 ms]
      [Ref Enq: 0.0 ms]
      [Redirty Cards: 0.1 ms]
      [Humongous Register: 0.0 ms]
      [Humongous Reclaim: 0.0 ms]
      [Free CSet: 0.0 ms]
   [Eden: 178.0M(178.0M)->0.0B(178.0M) Survivors: 26.0M->26.0M Heap: 315.3M(4096.0M)->188.4M(4096.0M)]
 [Times: user=0.00 sys=0.00, real=0.01 secs]
2021-07-04T17:02:26.852+0800: [GC pause (G1 Evacuation Pause) (young), 0.0105933 secs]
   [Parallel Time: 9.5 ms, GC Workers: 8]
      [GC Worker Start (ms): Min: 327.0, Avg: 327.6, Max: 331.1, Diff: 4.1]
      [Ext Root Scanning (ms): Min: 0.0, Avg: 0.1, Max: 0.2, Diff: 0.2, Sum: 0.7]
      [Update RS (ms): Min: 0.0, Avg: 0.5, Max: 3.8, Diff: 3.8, Sum: 4.1]
         [Processed Buffers: Min: 0, Avg: 1.3, Max: 2, Diff: 2, Sum: 10]
      [Scan RS (ms): Min: 0.0, Avg: 0.0, Max: 0.0, Diff: 0.0, Sum: 0.1]
      [Code Root Scanning (ms): Min: 0.0, Avg: 0.0, Max: 0.0, Diff: 0.0, Sum: 0.0]
      [Object Copy (ms): Min: 4.7, Avg: 7.8, Max: 9.0, Diff: 4.3, Sum: 62.5]
      [Termination (ms): Min: 0.0, Avg: 0.3, Max: 0.4, Diff: 0.4, Sum: 2.3]
         [Termination Attempts: Min: 1, Avg: 1.0, Max: 1, Diff: 0, Sum: 8]
      [GC Worker Other (ms): Min: 0.0, Avg: 0.0, Max: 0.0, Diff: 0.0, Sum: 0.1]
      [GC Worker Total (ms): Min: 5.2, Avg: 8.7, Max: 9.3, Diff: 4.1, Sum: 69.7]
      [GC Worker End (ms): Min: 336.3, Avg: 336.3, Max: 336.3, Diff: 0.0]
   [Code Root Fixup: 0.0 ms]
   [Code Root Purge: 0.0 ms]
   [Clear CT: 0.3 ms]
   [Other: 0.8 ms]
      [Choose CSet: 0.0 ms]
      [Ref Proc: 0.3 ms]
      [Ref Enq: 0.0 ms]
      [Redirty Cards: 0.3 ms]
      [Humongous Register: 0.0 ms]
      [Humongous Reclaim: 0.0 ms]
      [Free CSet: 0.0 ms]
   [Eden: 178.0M(178.0M)->0.0B(178.0M) Survivors: 26.0M->26.0M Heap: 366.4M(4096.0M)->248.7M(4096.0M)]
 [Times: user=0.00 sys=0.00, real=0.01 secs]
2021-07-04T17:02:26.888+0800: [GC pause (G1 Evacuation Pause) (young), 0.0097491 secs]
   [Parallel Time: 9.0 ms, GC Workers: 8]
      [GC Worker Start (ms): Min: 363.0, Avg: 363.0, Max: 363.1, Diff: 0.2]
      [Ext Root Scanning (ms): Min: 0.0, Avg: 0.1, Max: 0.1, Diff: 0.1, Sum: 0.8]
      [Update RS (ms): Min: 0.0, Avg: 0.1, Max: 0.5, Diff: 0.4, Sum: 0.8]
         [Processed Buffers: Min: 0, Avg: 1.1, Max: 2, Diff: 2, Sum: 9]
      [Scan RS (ms): Min: 0.0, Avg: 0.0, Max: 0.0, Diff: 0.0, Sum: 0.1]
      [Code Root Scanning (ms): Min: 0.0, Avg: 0.0, Max: 0.0, Diff: 0.0, Sum: 0.0]
      [Object Copy (ms): Min: 7.9, Avg: 8.1, Max: 8.4, Diff: 0.6, Sum: 65.2]
      [Termination (ms): Min: 0.0, Avg: 0.2, Max: 0.4, Diff: 0.4, Sum: 1.7]
         [Termination Attempts: Min: 1, Avg: 1.0, Max: 1, Diff: 0, Sum: 8]
      [GC Worker Other (ms): Min: 0.0, Avg: 0.0, Max: 0.0, Diff: 0.0, Sum: 0.1]
      [GC Worker Total (ms): Min: 8.5, Avg: 8.6, Max: 8.6, Diff: 0.2, Sum: 68.7]
      [GC Worker End (ms): Min: 371.6, Avg: 371.6, Max: 371.6, Diff: 0.0]
   [Code Root Fixup: 0.0 ms]
   [Code Root Purge: 0.0 ms]
   [Clear CT: 0.1 ms]
   [Other: 0.7 ms]
      [Choose CSet: 0.0 ms]
      [Ref Proc: 0.2 ms]
      [Ref Enq: 0.0 ms]
      [Redirty Cards: 0.1 ms]
      [Humongous Register: 0.1 ms]
      [Humongous Reclaim: 0.0 ms]
      [Free CSet: 0.1 ms]
   [Eden: 178.0M(178.0M)->0.0B(178.0M) Survivors: 26.0M->26.0M Heap: 426.7M(4096.0M)->306.4M(4096.0M)]
 [Times: user=0.00 sys=0.00, real=0.01 secs]
2021-07-04T17:02:26.918+0800: [GC pause (G1 Evacuation Pause) (young), 0.0104109 secs]
   [Parallel Time: 9.6 ms, GC Workers: 8]
      [GC Worker Start (ms): Min: 393.9, Avg: 395.2, Max: 396.6, Diff: 2.6]
      [Ext Root Scanning (ms): Min: 0.0, Avg: 0.1, Max: 0.2, Diff: 0.2, Sum: 0.5]
      [Update RS (ms): Min: 0.0, Avg: 0.0, Max: 0.1, Diff: 0.1, Sum: 0.3]
         [Processed Buffers: Min: 0, Avg: 1.1, Max: 4, Diff: 4, Sum: 9]
      [Scan RS (ms): Min: 0.0, Avg: 0.0, Max: 0.0, Diff: 0.0, Sum: 0.1]
      [Code Root Scanning (ms): Min: 0.0, Avg: 0.0, Max: 0.0, Diff: 0.0, Sum: 0.0]
      [Object Copy (ms): Min: 6.7, Avg: 8.0, Max: 9.2, Diff: 2.5, Sum: 63.6]
      [Termination (ms): Min: 0.0, Avg: 0.1, Max: 0.3, Diff: 0.3, Sum: 1.0]
         [Termination Attempts: Min: 1, Avg: 1.0, Max: 1, Diff: 0, Sum: 8]
      [GC Worker Other (ms): Min: 0.0, Avg: 0.0, Max: 0.0, Diff: 0.0, Sum: 0.1]
      [GC Worker Total (ms): Min: 6.9, Avg: 8.2, Max: 9.5, Diff: 2.6, Sum: 65.7]
      [GC Worker End (ms): Min: 403.4, Avg: 403.5, Max: 403.5, Diff: 0.0]
   [Code Root Fixup: 0.0 ms]
   [Code Root Purge: 0.0 ms]
   [Clear CT: 0.1 ms]
   [Other: 0.7 ms]
      [Choose CSet: 0.0 ms]
      [Ref Proc: 0.1 ms]
      [Ref Enq: 0.0 ms]
      [Redirty Cards: 0.1 ms]
      [Humongous Register: 0.1 ms]
      [Humongous Reclaim: 0.0 ms]
      [Free CSet: 0.0 ms]
   [Eden: 178.0M(178.0M)->0.0B(178.0M) Survivors: 26.0M->26.0M Heap: 484.4M(4096.0M)->360.3M(4096.0M)]
 [Times: user=0.00 sys=0.00, real=0.01 secs]
2021-07-04T17:02:26.951+0800: [GC pause (G1 Evacuation Pause) (young), 0.0100110 secs]
   [Parallel Time: 9.4 ms, GC Workers: 8]
      [GC Worker Start (ms): Min: 425.9, Avg: 426.0, Max: 426.1, Diff: 0.1]
      [Ext Root Scanning (ms): Min: 0.0, Avg: 0.1, Max: 0.1, Diff: 0.1, Sum: 0.8]
      [Update RS (ms): Min: 0.0, Avg: 0.0, Max: 0.1, Diff: 0.1, Sum: 0.4]
         [Processed Buffers: Min: 0, Avg: 1.1, Max: 2, Diff: 2, Sum: 9]
      [Scan RS (ms): Min: 0.0, Avg: 0.0, Max: 0.0, Diff: 0.0, Sum: 0.0]
      [Code Root Scanning (ms): Min: 0.0, Avg: 0.0, Max: 0.0, Diff: 0.0, Sum: 0.0]
      [Object Copy (ms): Min: 8.9, Avg: 9.0, Max: 9.1, Diff: 0.2, Sum: 71.8]
      [Termination (ms): Min: 0.0, Avg: 0.2, Max: 0.2, Diff: 0.2, Sum: 1.2]
         [Termination Attempts: Min: 1, Avg: 1.0, Max: 1, Diff: 0, Sum: 8]
      [GC Worker Other (ms): Min: 0.0, Avg: 0.0, Max: 0.0, Diff: 0.0, Sum: 0.1]
      [GC Worker Total (ms): Min: 9.2, Avg: 9.3, Max: 9.3, Diff: 0.1, Sum: 74.3]
      [GC Worker End (ms): Min: 435.3, Avg: 435.3, Max: 435.3, Diff: 0.0]
   [Code Root Fixup: 0.0 ms]
   [Code Root Purge: 0.0 ms]
   [Clear CT: 0.1 ms]
   [Other: 0.5 ms]
      [Choose CSet: 0.0 ms]
      [Ref Proc: 0.2 ms]
      [Ref Enq: 0.0 ms]
      [Redirty Cards: 0.1 ms]
      [Humongous Register: 0.0 ms]
      [Humongous Reclaim: 0.0 ms]
      [Free CSet: 0.0 ms]
   [Eden: 178.0M(178.0M)->0.0B(202.0M) Survivors: 26.0M->26.0M Heap: 538.3M(4096.0M)->425.1M(4096.0M)]
 [Times: user=0.02 sys=0.00, real=0.01 secs]
2021-07-04T17:02:26.984+0800: [GC pause (G1 Evacuation Pause) (young), 0.0134357 secs]
   [Parallel Time: 12.7 ms, GC Workers: 8]
      [GC Worker Start (ms): Min: 460.4, Avg: 461.8, Max: 471.0, Diff: 10.6]
      [Ext Root Scanning (ms): Min: 0.0, Avg: 0.1, Max: 0.1, Diff: 0.1, Sum: 0.7]
      [Update RS (ms): Min: 0.0, Avg: 0.1, Max: 0.1, Diff: 0.1, Sum: 0.4]
         [Processed Buffers: Min: 0, Avg: 1.3, Max: 2, Diff: 2, Sum: 10]
      [Scan RS (ms): Min: 0.0, Avg: 0.0, Max: 0.0, Diff: 0.0, Sum: 0.1]
      [Code Root Scanning (ms): Min: 0.0, Avg: 0.0, Max: 0.0, Diff: 0.0, Sum: 0.0]
      [Object Copy (ms): Min: 1.1, Avg: 10.0, Max: 11.7, Diff: 10.6, Sum: 80.0]
      [Termination (ms): Min: 0.0, Avg: 0.4, Max: 0.6, Diff: 0.6, Sum: 3.1]
         [Termination Attempts: Min: 1, Avg: 1.0, Max: 1, Diff: 0, Sum: 8]
      [GC Worker Other (ms): Min: 0.0, Avg: 0.0, Max: 0.0, Diff: 0.0, Sum: 0.1]
      [GC Worker Total (ms): Min: 1.5, Avg: 10.6, Max: 12.0, Diff: 10.6, Sum: 84.4]
      [GC Worker End (ms): Min: 472.4, Avg: 472.4, Max: 472.4, Diff: 0.1]
   [Code Root Fixup: 0.0 ms]
   [Code Root Purge: 0.0 ms]
   [Clear CT: 0.1 ms]
   [Other: 0.6 ms]
      [Choose CSet: 0.0 ms]
      [Ref Proc: 0.1 ms]
      [Ref Enq: 0.0 ms]
      [Redirty Cards: 0.1 ms]
      [Humongous Register: 0.0 ms]
      [Humongous Reclaim: 0.0 ms]
      [Free CSet: 0.1 ms]
   [Eden: 202.0M(202.0M)->0.0B(274.0M) Survivors: 26.0M->30.0M Heap: 627.1M(4096.0M)->495.6M(4096.0M)]
 [Times: user=0.03 sys=0.08, real=0.01 secs]
2021-07-04T17:02:27.037+0800: [GC pause (G1 Evacuation Pause) (young), 0.0134540 secs]
   [Parallel Time: 12.7 ms, GC Workers: 8]
      [GC Worker Start (ms): Min: 512.6, Avg: 512.7, Max: 512.8, Diff: 0.2]
      [Ext Root Scanning (ms): Min: 0.0, Avg: 0.1, Max: 0.1, Diff: 0.1, Sum: 0.7]
      [Update RS (ms): Min: 0.0, Avg: 0.1, Max: 0.1, Diff: 0.1, Sum: 0.4]
         [Processed Buffers: Min: 0, Avg: 1.0, Max: 2, Diff: 2, Sum: 8]
      [Scan RS (ms): Min: 0.0, Avg: 0.1, Max: 0.6, Diff: 0.6, Sum: 0.7]
      [Code Root Scanning (ms): Min: 0.0, Avg: 0.0, Max: 0.0, Diff: 0.0, Sum: 0.0]
      [Object Copy (ms): Min: 11.6, Avg: 12.0, Max: 12.3, Diff: 0.7, Sum: 96.4]
      [Termination (ms): Min: 0.0, Avg: 0.2, Max: 0.3, Diff: 0.3, Sum: 1.5]
         [Termination Attempts: Min: 1, Avg: 1.0, Max: 1, Diff: 0, Sum: 8]
      [GC Worker Other (ms): Min: 0.0, Avg: 0.0, Max: 0.0, Diff: 0.0, Sum: 0.1]
      [GC Worker Total (ms): Min: 12.3, Avg: 12.5, Max: 12.5, Diff: 0.2, Sum: 99.7]
      [GC Worker End (ms): Min: 525.1, Avg: 525.1, Max: 525.1, Diff: 0.0]
   [Code Root Fixup: 0.0 ms]
   [Code Root Purge: 0.0 ms]
   [Clear CT: 0.2 ms]
   [Other: 0.6 ms]
      [Choose CSet: 0.0 ms]
      [Ref Proc: 0.2 ms]
      [Ref Enq: 0.0 ms]
      [Redirty Cards: 0.1 ms]
      [Humongous Register: 0.0 ms]
      [Humongous Reclaim: 0.0 ms]
      [Free CSet: 0.1 ms]
   [Eden: 274.0M(274.0M)->0.0B(300.0M) Survivors: 30.0M->38.0M Heap: 769.6M(4096.0M)->581.1M(4096.0M)]
 [Times: user=0.00 sys=0.11, real=0.01 secs]
2021-07-04T17:02:27.085+0800: [GC pause (G1 Evacuation Pause) (young), 0.0147056 secs]
   [Parallel Time: 13.9 ms, GC Workers: 8]
      [GC Worker Start (ms): Min: 560.6, Avg: 560.6, Max: 560.7, Diff: 0.1]
      [Ext Root Scanning (ms): Min: 0.0, Avg: 0.1, Max: 0.1, Diff: 0.1, Sum: 0.7]
      [Update RS (ms): Min: 0.0, Avg: 0.1, Max: 0.1, Diff: 0.1, Sum: 0.6]
         [Processed Buffers: Min: 0, Avg: 1.1, Max: 2, Diff: 2, Sum: 9]
      [Scan RS (ms): Min: 0.0, Avg: 0.0, Max: 0.0, Diff: 0.0, Sum: 0.1]
      [Code Root Scanning (ms): Min: 0.0, Avg: 0.0, Max: 0.0, Diff: 0.0, Sum: 0.0]
      [Object Copy (ms): Min: 12.4, Avg: 13.3, Max: 13.6, Diff: 1.3, Sum: 106.6]
      [Termination (ms): Min: 0.0, Avg: 0.2, Max: 0.3, Diff: 0.3, Sum: 1.4]
         [Termination Attempts: Min: 1, Avg: 1.0, Max: 1, Diff: 0, Sum: 8]
      [GC Worker Other (ms): Min: 0.0, Avg: 0.1, Max: 1.1, Diff: 1.1, Sum: 1.2]
      [GC Worker Total (ms): Min: 13.7, Avg: 13.8, Max: 13.9, Diff: 0.2, Sum: 110.5]
      [GC Worker End (ms): Min: 574.4, Avg: 574.4, Max: 574.4, Diff: 0.0]
   [Code Root Fixup: 0.0 ms]
   [Code Root Purge: 0.0 ms]
   [Clear CT: 0.1 ms]
   [Other: 0.7 ms]
      [Choose CSet: 0.0 ms]
      [Ref Proc: 0.2 ms]
      [Ref Enq: 0.0 ms]
      [Redirty Cards: 0.1 ms]
      [Humongous Register: 0.0 ms]
      [Humongous Reclaim: 0.0 ms]
      [Free CSet: 0.1 ms]
   [Eden: 300.0M(300.0M)->0.0B(354.0M) Survivors: 38.0M->44.0M Heap: 881.1M(4096.0M)->671.8M(4096.0M)]
 [Times: user=0.11 sys=0.00, real=0.01 secs]
2021-07-04T17:02:27.146+0800: [GC pause (G1 Evacuation Pause) (young), 0.0164972 secs]
   [Parallel Time: 15.8 ms, GC Workers: 8]
      [GC Worker Start (ms): Min: 621.4, Avg: 621.5, Max: 621.5, Diff: 0.1]
      [Ext Root Scanning (ms): Min: 0.1, Avg: 0.1, Max: 0.1, Diff: 0.1, Sum: 0.8]
      [Update RS (ms): Min: 0.0, Avg: 0.1, Max: 0.2, Diff: 0.2, Sum: 0.5]
         [Processed Buffers: Min: 1, Avg: 1.1, Max: 2, Diff: 1, Sum: 9]
      [Scan RS (ms): Min: 0.0, Avg: 0.0, Max: 0.0, Diff: 0.0, Sum: 0.1]
      [Code Root Scanning (ms): Min: 0.0, Avg: 0.0, Max: 0.0, Diff: 0.0, Sum: 0.0]
      [Object Copy (ms): Min: 15.0, Avg: 15.3, Max: 15.5, Diff: 0.5, Sum: 122.6]
      [Termination (ms): Min: 0.0, Avg: 0.2, Max: 0.4, Diff: 0.4, Sum: 1.7]
         [Termination Attempts: Min: 1, Avg: 1.0, Max: 1, Diff: 0, Sum: 8]
      [GC Worker Other (ms): Min: 0.0, Avg: 0.0, Max: 0.0, Diff: 0.0, Sum: 0.1]
      [GC Worker Total (ms): Min: 15.7, Avg: 15.7, Max: 15.8, Diff: 0.1, Sum: 125.8]
      [GC Worker End (ms): Min: 637.2, Avg: 637.2, Max: 637.2, Diff: 0.0]
   [Code Root Fixup: 0.0 ms]
   [Code Root Purge: 0.0 ms]
   [Clear CT: 0.1 ms]
   [Other: 0.5 ms]
      [Choose CSet: 0.0 ms]
      [Ref Proc: 0.1 ms]
      [Ref Enq: 0.0 ms]
      [Redirty Cards: 0.1 ms]
      [Humongous Register: 0.0 ms]
      [Humongous Reclaim: 0.0 ms]
      [Free CSet: 0.1 ms]
   [Eden: 354.0M(354.0M)->0.0B(562.0M) Survivors: 44.0M->50.0M Heap: 1025.8M(4096.0M)->759.6M(4096.0M)]
 [Times: user=0.05 sys=0.06, real=0.02 secs]
2021-07-04T17:02:27.266+0800: [GC pause (G1 Evacuation Pause) (young), 0.0242141 secs]
   [Parallel Time: 22.7 ms, GC Workers: 8]
      [GC Worker Start (ms): Min: 741.5, Avg: 741.6, Max: 741.6, Diff: 0.1]
      [Ext Root Scanning (ms): Min: 0.1, Avg: 0.1, Max: 0.1, Diff: 0.1, Sum: 0.8]
      [Update RS (ms): Min: 0.0, Avg: 0.6, Max: 4.1, Diff: 4.1, Sum: 4.7]
         [Processed Buffers: Min: 0, Avg: 1.1, Max: 2, Diff: 2, Sum: 9]
      [Scan RS (ms): Min: 0.0, Avg: 0.0, Max: 0.0, Diff: 0.0, Sum: 0.2]
      [Code Root Scanning (ms): Min: 0.0, Avg: 0.0, Max: 0.0, Diff: 0.0, Sum: 0.0]
      [Object Copy (ms): Min: 18.1, Avg: 21.7, Max: 22.3, Diff: 4.2, Sum: 173.3]
      [Termination (ms): Min: 0.0, Avg: 0.2, Max: 0.3, Diff: 0.3, Sum: 1.2]
         [Termination Attempts: Min: 1, Avg: 1.0, Max: 1, Diff: 0, Sum: 8]
      [GC Worker Other (ms): Min: 0.0, Avg: 0.0, Max: 0.0, Diff: 0.0, Sum: 0.1]
      [GC Worker Total (ms): Min: 22.5, Avg: 22.5, Max: 22.6, Diff: 0.1, Sum: 180.2]
      [GC Worker End (ms): Min: 764.1, Avg: 764.1, Max: 764.1, Diff: 0.0]
   [Code Root Fixup: 0.0 ms]
   [Code Root Purge: 0.0 ms]
   [Clear CT: 0.2 ms]
   [Other: 1.3 ms]
      [Choose CSet: 0.0 ms]
      [Ref Proc: 0.1 ms]
      [Ref Enq: 0.0 ms]
      [Redirty Cards: 0.8 ms]
      [Humongous Register: 0.0 ms]
      [Humongous Reclaim: 0.0 ms]
      [Free CSet: 0.1 ms]
   [Eden: 562.0M(562.0M)->0.0B(560.0M) Survivors: 50.0M->78.0M Heap: 1321.6M(4096.0M)->902.0M(4096.0M)]
 [Times: user=0.09 sys=0.14, real=0.02 secs]
2021-07-04T17:02:27.353+0800: [GC pause (G1 Evacuation Pause) (young), 0.0365129 secs]
   [Parallel Time: 35.7 ms, GC Workers: 8]
      [GC Worker Start (ms): Min: 828.1, Avg: 828.8, Max: 833.4, Diff: 5.3]
      [Ext Root Scanning (ms): Min: 0.0, Avg: 0.1, Max: 0.1, Diff: 0.1, Sum: 0.7]
      [Update RS (ms): Min: 0.0, Avg: 0.1, Max: 0.3, Diff: 0.3, Sum: 0.7]
         [Processed Buffers: Min: 0, Avg: 1.1, Max: 2, Diff: 2, Sum: 9]
      [Scan RS (ms): Min: 0.0, Avg: 0.0, Max: 0.1, Diff: 0.1, Sum: 0.3]
      [Code Root Scanning (ms): Min: 0.0, Avg: 0.0, Max: 0.0, Diff: 0.0, Sum: 0.0]
      [Object Copy (ms): Min: 30.2, Avg: 34.4, Max: 35.3, Diff: 5.0, Sum: 275.5]
      [Termination (ms): Min: 0.0, Avg: 0.3, Max: 0.5, Diff: 0.5, Sum: 2.5]
         [Termination Attempts: Min: 1, Avg: 1.4, Max: 2, Diff: 1, Sum: 11]
      [GC Worker Other (ms): Min: 0.0, Avg: 0.0, Max: 0.0, Diff: 0.0, Sum: 0.2]
      [GC Worker Total (ms): Min: 30.4, Avg: 35.0, Max: 35.7, Diff: 5.3, Sum: 279.9]
      [GC Worker End (ms): Min: 863.8, Avg: 863.8, Max: 863.8, Diff: 0.0]
   [Code Root Fixup: 0.0 ms]
   [Code Root Purge: 0.0 ms]
   [Clear CT: 0.1 ms]
   [Other: 0.7 ms]
      [Choose CSet: 0.0 ms]
      [Ref Proc: 0.1 ms]
      [Ref Enq: 0.0 ms]
      [Redirty Cards: 0.1 ms]
      [Humongous Register: 0.0 ms]
      [Humongous Reclaim: 0.0 ms]
      [Free CSet: 0.2 ms]
   [Eden: 560.0M(560.0M)->0.0B(772.0M) Survivors: 78.0M->80.0M Heap: 1462.0M(4096.0M)->1018.0M(4096.0M)]
 [Times: user=0.00 sys=0.20, real=0.04 secs]
2021-07-04T17:02:27.519+0800: [GC pause (G1 Evacuation Pause) (young), 0.0380302 secs]
   [Parallel Time: 37.0 ms, GC Workers: 8]
      [GC Worker Start (ms): Min: 994.4, Avg: 994.4, Max: 994.5, Diff: 0.1]
      [Ext Root Scanning (ms): Min: 0.0, Avg: 0.1, Max: 0.1, Diff: 0.1, Sum: 0.7]
      [Update RS (ms): Min: 0.0, Avg: 0.1, Max: 0.2, Diff: 0.2, Sum: 0.7]
         [Processed Buffers: Min: 1, Avg: 1.1, Max: 2, Diff: 1, Sum: 9]
      [Scan RS (ms): Min: 0.0, Avg: 0.0, Max: 0.0, Diff: 0.0, Sum: 0.2]
      [Code Root Scanning (ms): Min: 0.0, Avg: 0.0, Max: 0.0, Diff: 0.0, Sum: 0.0]
      [Object Copy (ms): Min: 36.3, Avg: 36.5, Max: 36.7, Diff: 0.4, Sum: 292.2]
      [Termination (ms): Min: 0.0, Avg: 0.2, Max: 0.3, Diff: 0.3, Sum: 1.4]
         [Termination Attempts: Min: 1, Avg: 1.0, Max: 1, Diff: 0, Sum: 8]
      [GC Worker Other (ms): Min: 0.0, Avg: 0.0, Max: 0.0, Diff: 0.0, Sum: 0.1]
      [GC Worker Total (ms): Min: 36.8, Avg: 36.9, Max: 37.0, Diff: 0.1, Sum: 295.3]
      [GC Worker End (ms): Min: 1031.3, Avg: 1031.3, Max: 1031.4, Diff: 0.0]
   [Code Root Fixup: 0.0 ms]
   [Code Root Purge: 0.0 ms]
   [Clear CT: 0.2 ms]
   [Other: 0.8 ms]
      [Choose CSet: 0.0 ms]
      [Ref Proc: 0.1 ms]
      [Ref Enq: 0.0 ms]
      [Redirty Cards: 0.2 ms]
      [Humongous Register: 0.0 ms]
      [Humongous Reclaim: 0.0 ms]
      [Free CSet: 0.3 ms]
   [Eden: 772.0M(772.0M)->0.0B(2132.0M) Survivors: 80.0M->108.0M Heap: 1790.0M(4096.0M)->1171.6M(4096.0M)]
 [Times: user=0.06 sys=0.25, real=0.04 secs]
执行结束!共生成对象次数:19229
Heap
 garbage-first heap   total 4194304K, used 2104958K [0x00000006c0000000, 0x00000006c0204000, 0x00000007c0000000)
  region size 2048K, 497 young (1017856K), 54 survivors (110592K)
 Metaspace       used 3870K, capacity 4572K, committed 4864K, reserved 1056768K
  class space    used 429K, capacity 460K, committed 512K, reserved 1048576K

Process finished with exit code 0
