正在执行...
2021-07-04T17:04:39.277+0800: [GC pause (G1 Evacuation Pause) (young) 204M->69M(4096M), 0.0094209 secs]
2021-07-04T17:04:39.309+0800: [GC pause (G1 Evacuation Pause) (young) 247M->124M(4096M), 0.0092072 secs]
2021-07-04T17:04:39.341+0800: [GC pause (G1 Evacuation Pause) (young) 302M->182M(4096M), 0.0104572 secs]
2021-07-04T17:04:39.372+0800: [GC pause (G1 Evacuation Pause) (young) 360M->244M(4096M), 0.0101711 secs]
2021-07-04T17:04:39.402+0800: [GC pause (G1 Evacuation Pause) (young) 422M->304M(4096M), 0.0092620 secs]
2021-07-04T17:04:39.436+0800: [GC pause (G1 Evacuation Pause) (young) 482M->356M(4096M), 0.0084305 secs]
2021-07-04T17:04:39.463+0800: [GC pause (G1 Evacuation Pause) (young) 534M->409M(4096M), 0.0093830 secs]
2021-07-04T17:04:39.495+0800: [GC pause (G1 Evacuation Pause) (young) 613M->473M(4096M), 0.0105656 secs]
2021-07-04T17:04:39.541+0800: [GC pause (G1 Evacuation Pause) (young) 733M->547M(4096M), 0.0123615 secs]
2021-07-04T17:04:39.610+0800: [GC pause (G1 Evacuation Pause) (young) 911M->647M(4096M), 0.0162166 secs]
2021-07-04T17:04:39.664+0800: [GC pause (G1 Evacuation Pause) (young) 1007M->749M(4096M), 0.0164301 secs]
2021-07-04T17:04:39.728+0800: [GC pause (G1 Evacuation Pause) (young) 1171M->865M(4096M), 0.0196529 secs]
2021-07-04T17:04:39.826+0800: [GC pause (G1 Evacuation Pause) (young) 1433M->1001M(4096M), 0.0224494 secs]
2021-07-04T17:04:39.936+0800: [GC pause (G1 Evacuation Pause) (young) 1685M->1148M(4096M), 0.0310873 secs]
2021-07-04T17:04:40.099+0800: [GC pause (G1 Evacuation Pause) (young) 2040M->1317M(4096M), 0.0436127 secs]
执行结束!共生成对象次数:19909