"C:\Program Files\Java\jdk1.8.0_271\bin\java.exe" -XX:+PrintGCDetails -XX:+PrintGCDateStamps -Xmx4g -Xms4g -XX:+UseSerialGC "-javaagent:C:\dev\JetBrains\IntelliJ IDEA 2020.2.3\lib\idea_rt.jar=59092:C:\dev\JetBrains\IntelliJ IDEA 2020.2.3\bin" -Dfile.encoding=UTF-8 -classpath "C:\Program Files\Java\jdk1.8.0_271\jre\lib\charsets.jar;C:\Program Files\Java\jdk1.8.0_271\jre\lib\deploy.jar;C:\Program Files\Java\jdk1.8.0_271\jre\lib\ext\access-bridge-64.jar;C:\Program Files\Java\jdk1.8.0_271\jre\lib\ext\cldrdata.jar;C:\Program Files\Java\jdk1.8.0_271\jre\lib\ext\dnsns.jar;C:\Program Files\Java\jdk1.8.0_271\jre\lib\ext\jaccess.jar;C:\Program Files\Java\jdk1.8.0_271\jre\lib\ext\jfxrt.jar;C:\Program Files\Java\jdk1.8.0_271\jre\lib\ext\localedata.jar;C:\Program Files\Java\jdk1.8.0_271\jre\lib\ext\nashorn.jar;C:\Program Files\Java\jdk1.8.0_271\jre\lib\ext\sunec.jar;C:\Program Files\Java\jdk1.8.0_271\jre\lib\ext\sunjce_provider.jar;C:\Program Files\Java\jdk1.8.0_271\jre\lib\ext\sunmscapi.jar;C:\Program Files\Java\jdk1.8.0_271\jre\lib\ext\sunpkcs11.jar;C:\Program Files\Java\jdk1.8.0_271\jre\lib\ext\zipfs.jar;C:\Program Files\Java\jdk1.8.0_271\jre\lib\javaws.jar;C:\Program Files\Java\jdk1.8.0_271\jre\lib\jce.jar;C:\Program Files\Java\jdk1.8.0_271\jre\lib\jfr.jar;C:\Program Files\Java\jdk1.8.0_271\jre\lib\jfxswt.jar;C:\Program Files\Java\jdk1.8.0_271\jre\lib\jsse.jar;C:\Program Files\Java\jdk1.8.0_271\jre\lib\management-agent.jar;C:\Program Files\Java\jdk1.8.0_271\jre\lib\plugin.jar;C:\Program Files\Java\jdk1.8.0_271\jre\lib\resources.jar;C:\Program Files\Java\jdk1.8.0_271\jre\lib\rt.jar;C:\Users\zhaochurui\IdeaProjects\zcr\javaCourse\target\classes;C:\Users\zhaochurui\.m2\repository\com\squareup\okhttp3\okhttp\4.9.1\okhttp-4.9.1.jar;C:\Users\zhaochurui\.m2\repository\com\squareup\okio\okio\2.8.0\okio-2.8.0.jar;C:\Users\zhaochurui\.m2\repository\org\jetbrains\kotlin\kotlin-stdlib-common\1.4.0\kotlin-stdlib-common-1.4.0.jar;C:\Users\zhaochurui\.m2\repository\org\jetbrains\kotlin\kotlin-stdlib\1.4.10\kotlin-stdlib-1.4.10.jar;C:\Users\zhaochurui\.m2\repository\org\jetbrains\annotations\13.0\annotations-13.0.jar" com.zcr.c002.teacherdemo.GCLogAnalysis
正在执行...
2021-07-04T17:53:05.238+0800: [GC (Allocation Failure) 2021-07-04T17:53:05.238+0800: [DefNew: 1118528K->139776K(1258304K), 0.0852902 secs] 1118528K->242833K(4054528K), 0.0853337 secs] [Times: user=0.05 sys=0.05, real=0.09 secs]
2021-07-04T17:53:05.461+0800: [GC (Allocation Failure) 2021-07-04T17:53:05.461+0800: [DefNew: 1258304K->139775K(1258304K), 0.1026421 secs] 1361361K->399373K(4054528K), 0.1026737 secs] [Times: user=0.03 sys=0.06, real=0.10 secs]
2021-07-04T17:53:05.694+0800: [GC (Allocation Failure) 2021-07-04T17:53:05.694+0800: [DefNew: 1258303K->139775K(1258304K), 0.0811455 secs] 1517901K->550252K(4054528K), 0.0812043 secs] [Times: user=0.06 sys=0.03, real=0.08 secs]
执行结束!共生成对象次数:12705
Heap
 def new generation   total 1258304K, used 185113K [0x00000006c0000000, 0x0000000715550000, 0x0000000715550000)
  eden space 1118528K,   4% used [0x00000006c0000000, 0x00000006c2c46450, 0x0000000704450000)
  from space 139776K,  99% used [0x000000070ccd0000, 0x000000071554fff8, 0x0000000715550000)
  to   space 139776K,   0% used [0x0000000704450000, 0x0000000704450000, 0x000000070ccd0000)
 tenured generation   total 2796224K, used 410476K [0x0000000715550000, 0x00000007c0000000, 0x00000007c0000000)
   the space 2796224K,  14% used [0x0000000715550000, 0x000000072e62b0d0, 0x000000072e62b200, 0x00000007c0000000)
 Metaspace       used 3367K, capacity 4500K, committed 4864K, reserved 1056768K
  class space    used 368K, capacity 388K, committed 512K, reserved 1048576K