正在执行...
2021-07-04T16:56:46.850+0800: [GC (Allocation Failure) 2021-07-04T16:56:46.850+0800: [ParNew: 545344K->68095K(613440K), 0.0288133 secs] 545344K->142047K(4126208K), 0.0289044 secs] [Times: user=0.13 sys=0.08, real=0.03 secs]
2021-07-04T16:56:46.975+0800: [GC (Allocation Failure) 2021-07-04T16:56:46.975+0800: [ParNew: 613439K->68095K(613440K), 0.0296753 secs] 687391K->269789K(4126208K), 0.0297352 secs] [Times: user=0.13 sys=0.11, real=0.03 secs]
2021-07-04T16:56:47.088+0800: [GC (Allocation Failure) 2021-07-04T16:56:47.088+0800: [ParNew: 613439K->68096K(613440K), 0.0576470 secs] 815133K->385007K(4126208K), 0.0576852 secs] [Times: user=0.25 sys=0.05, real=0.06 secs]
2021-07-04T16:56:47.208+0800: [GC (Allocation Failure) 2021-07-04T16:56:47.208+0800: [ParNew: 613440K->68096K(613440K), 0.0656980 secs] 930351K->502234K(4126208K), 0.0657371 secs] [Times: user=0.50 sys=0.06, real=0.07 secs]
2021-07-04T16:56:47.349+0800: [GC (Allocation Failure) 2021-07-04T16:56:47.349+0800: [ParNew: 613440K->68096K(613440K), 0.0699468 secs] 1047578K->622782K(4126208K), 0.0699924 secs] [Times: user=0.45 sys=0.06, real=0.07 secs]
2021-07-04T16:56:47.484+0800: [GC (Allocation Failure) 2021-07-04T16:56:47.484+0800: [ParNew: 613440K->68096K(613440K), 0.0679662 secs] 1168126K->739417K(4126208K), 0.0680130 secs] [Times: user=0.36 sys=0.06, real=0.07 secs]
执行结束!共生成对象次数:13365
Heap
 par new generation   total 613440K, used 355209K [0x00000006c0000000, 0x00000006e9990000, 0x00000006e9990000)
  eden space 545344K,  52% used [0x00000006c0000000, 0x00000006d1862570, 0x00000006e1490000)
  from space 68096K, 100% used [0x00000006e1490000, 0x00000006e5710000, 0x00000006e5710000)
  to   space 68096K,   0% used [0x00000006e5710000, 0x00000006e5710000, 0x00000006e9990000)
 concurrent mark-sweep generation total 3512768K, used 671321K [0x00000006e9990000, 0x00000007c0000000, 0x00000007c0000000)
 Metaspace       used 3870K, capacity 4572K, committed 4864K, reserved 1056768K
  class space    used 429K, capacity 460K, committed 512K, reserved 1048576K