正在执行...
2021-07-04T16:23:44.896+0800: [GC (Allocation Failure) 2021-07-04T16:23:44.896+0800: [DefNew: 279616K->34944K(314560K), 0.0339216 secs] 279616K->89737K(1013632K), 0.0339709 secs] [Times: user=0.00 sys=0.05, real=0.03 secs]
2021-07-04T16:23:44.965+0800: [GC (Allocation Failure) 2021-07-04T16:23:44.965+0800: [DefNew: 314560K->34943K(314560K), 0.0449917 secs] 369353K->173944K(1013632K), 0.0450268 secs] [Times: user=0.03 sys=0.02, real=0.05 secs]
2021-07-04T16:23:45.043+0800: [GC (Allocation Failure) 2021-07-04T16:23:45.043+0800: [DefNew: 314559K->34943K(314560K), 0.0331088 secs] 453560K->252277K(1013632K), 0.0331412 secs] [Times: user=0.00 sys=0.03, real=0.03 secs]
2021-07-04T16:23:45.108+0800: [GC (Allocation Failure) 2021-07-04T16:23:45.108+0800: [DefNew: 314559K->34943K(314560K), 0.0333671 secs] 531893K->339762K(1013632K), 0.0333998 secs] [Times: user=0.00 sys=0.03, real=0.03 secs]
2021-07-04T16:23:45.171+0800: [GC (Allocation Failure) 2021-07-04T16:23:45.171+0800: [DefNew: 314559K->34944K(314560K), 0.0329216 secs] 619378K->428585K(1013632K), 0.0329542 secs] [Times: user=0.02 sys=0.02, real=0.03 secs]
2021-07-04T16:23:45.238+0800: [GC (Allocation Failure) 2021-07-04T16:23:45.238+0800: [DefNew: 314560K->34944K(314560K), 0.0306860 secs] 708201K->508699K(1013632K), 0.0307180 secs] [Times: user=0.03 sys=0.00, real=0.03 secs]
2021-07-04T16:23:45.299+0800: [GC (Allocation Failure) 2021-07-04T16:23:45.299+0800: [DefNew: 314560K->34943K(314560K), 0.0287041 secs] 788315K->582645K(1013632K), 0.0287415 secs] [Times: user=0.02 sys=0.02, real=0.03 secs]
2021-07-04T16:23:45.357+0800: [GC (Allocation Failure) 2021-07-04T16:23:45.357+0800: [DefNew: 314559K->34943K(314560K), 0.0339716 secs] 862261K->670887K(1013632K), 0.0340212 secs] [Times: user=0.00 sys=0.03, real=0.03 secs]
2021-07-04T16:23:45.421+0800: [GC (Allocation Failure) 2021-07-04T16:23:45.421+0800: [DefNew: 314559K->314559K(314560K), 0.0000158 secs]2021-07-04T16:23:45.422+0800: [Tenured: 635944K->395997K(699072K), 0.0476329 secs] 950503K->395997K(1013632K), [Metaspace: 3361K->3361K(1056768K)], 0.0476957 secs] [Times: user=0.05 sys=0.00, real=0.05 secs]
2021-07-04T16:23:45.500+0800: [GC (Allocation Failure) 2021-07-04T16:23:45.500+0800: [DefNew: 279616K->34943K(314560K), 0.0106501 secs] 675613K->482287K(1013632K), 0.0106839 secs] [Times: user=0.02 sys=0.00, real=0.01 secs]
2021-07-04T16:23:45.542+0800: [GC (Allocation Failure) 2021-07-04T16:23:45.543+0800: [DefNew: 314559K->34943K(314560K), 0.0155809 secs] 761903K->565327K(1013632K), 0.0156187 secs] [Times: user=0.01 sys=0.00, real=0.02 secs]
2021-07-04T16:23:45.590+0800: [GC (Allocation Failure) 2021-07-04T16:23:45.590+0800: [DefNew: 314559K->34943K(314560K), 0.0145530 secs] 844943K->641134K(1013632K), 0.0145889 secs] [Times: user=0.02 sys=0.00, real=0.01 secs]
2021-07-04T16:23:45.644+0800: [GC (Allocation Failure) 2021-07-04T16:23:45.644+0800: [DefNew: 314559K->314559K(314560K), 0.0000118 secs]2021-07-04T16:23:45.644+0800: [Tenured: 606190K->402777K(699072K), 0.0523850 secs] 920750K->402777K(1013632K), [Metaspace: 3384K->3384K(1056768K)], 0.0524371 secs] [Times: user=0.06 sys=0.00, real=0.05 secs]
2021-07-04T16:23:45.731+0800: [GC (Allocation Failure) 2021-07-04T16:23:45.731+0800: [DefNew: 279616K->34944K(314560K), 0.0109375 secs] 682393K->481447K(1013632K), 0.0109725 secs] [Times: user=0.02 sys=0.00, real=0.01 secs]
执行结束!共生成对象次数:15799
Heap
 def new generation   total 314560K, used 311533K [0x00000000c0000000, 0x00000000d5550000, 0x00000000d5550000)
  eden space 279616K,  98% used [0x00000000c0000000, 0x00000000d0e1b7e0, 0x00000000d1110000)
  from space 34944K, 100% used [0x00000000d1110000, 0x00000000d3330000, 0x00000000d3330000)
  to   space 34944K,   0% used [0x00000000d3330000, 0x00000000d3330000, 0x00000000d5550000)
 tenured generation   total 699072K, used 446503K [0x00000000d5550000, 0x0000000100000000, 0x0000000100000000)
   the space 699072K,  63% used [0x00000000d5550000, 0x00000000f0959d70, 0x00000000f0959e00, 0x0000000100000000)
 Metaspace       used 3870K, capacity 4572K, committed 4864K, reserved 1056768K
  class space    used 429K, capacity 460K, committed 512K, reserved 1048576K