"C:\Program Files\Java\jdk1.8.0_271\bin\java.exe" -XX:+PrintGC -XX:+PrintGCDateStamps -Xmx512m -Xms512m -XX:+UseG1GC "-javaagent:C:\dev\JetBrains\IntelliJ IDEA 2020.2.3\lib\idea_rt.jar=55014:C:\dev\JetBrains\IntelliJ IDEA 2020.2.3\bin" -Dfile.encoding=UTF-8 -classpath "C:\Program Files\Java\jdk1.8.0_271\jre\lib\charsets.jar;C:\Program Files\Java\jdk1.8.0_271\jre\lib\deploy.jar;C:\Program Files\Java\jdk1.8.0_271\jre\lib\ext\access-bridge-64.jar;C:\Program Files\Java\jdk1.8.0_271\jre\lib\ext\cldrdata.jar;C:\Program Files\Java\jdk1.8.0_271\jre\lib\ext\dnsns.jar;C:\Program Files\Java\jdk1.8.0_271\jre\lib\ext\jaccess.jar;C:\Program Files\Java\jdk1.8.0_271\jre\lib\ext\jfxrt.jar;C:\Program Files\Java\jdk1.8.0_271\jre\lib\ext\localedata.jar;C:\Program Files\Java\jdk1.8.0_271\jre\lib\ext\nashorn.jar;C:\Program Files\Java\jdk1.8.0_271\jre\lib\ext\sunec.jar;C:\Program Files\Java\jdk1.8.0_271\jre\lib\ext\sunjce_provider.jar;C:\Program Files\Java\jdk1.8.0_271\jre\lib\ext\sunmscapi.jar;C:\Program Files\Java\jdk1.8.0_271\jre\lib\ext\sunpkcs11.jar;C:\Program Files\Java\jdk1.8.0_271\jre\lib\ext\zipfs.jar;C:\Program Files\Java\jdk1.8.0_271\jre\lib\javaws.jar;C:\Program Files\Java\jdk1.8.0_271\jre\lib\jce.jar;C:\Program Files\Java\jdk1.8.0_271\jre\lib\jfr.jar;C:\Program Files\Java\jdk1.8.0_271\jre\lib\jfxswt.jar;C:\Program Files\Java\jdk1.8.0_271\jre\lib\jsse.jar;C:\Program Files\Java\jdk1.8.0_271\jre\lib\management-agent.jar;C:\Program Files\Java\jdk1.8.0_271\jre\lib\plugin.jar;C:\Program Files\Java\jdk1.8.0_271\jre\lib\resources.jar;C:\Program Files\Java\jdk1.8.0_271\jre\lib\rt.jar;C:\Users\zhaochurui\IdeaProjects\zcr\javaCourse\target\classes;C:\Users\zhaochurui\.m2\repository\com\squareup\okhttp3\okhttp\4.9.1\okhttp-4.9.1.jar;C:\Users\zhaochurui\.m2\repository\com\squareup\okio\okio\2.8.0\okio-2.8.0.jar;C:\Users\zhaochurui\.m2\repository\org\jetbrains\kotlin\kotlin-stdlib-common\1.4.0\kotlin-stdlib-common-1.4.0.jar;C:\Users\zhaochurui\.m2\repository\org\jetbrains\kotlin\kotlin-stdlib\1.4.10\kotlin-stdlib-1.4.10.jar;C:\Users\zhaochurui\.m2\repository\org\jetbrains\annotations\13.0\annotations-13.0.jar" com.zcr.c002.teacherdemo.GCLogAnalysis
正在执行...
2021-07-04T17:05:20.738+0800: [GC pause (G1 Evacuation Pause) (young) 30M->10M(512M), 0.0019526 secs]
2021-07-04T17:05:20.746+0800: [GC pause (G1 Evacuation Pause) (young) 41M->24M(512M), 0.0029069 secs]
2021-07-04T17:05:20.759+0800: [GC pause (G1 Evacuation Pause) (young) 68M->39M(512M), 0.0029883 secs]
2021-07-04T17:05:20.798+0800: [GC pause (G1 Evacuation Pause) (young) 141M->71M(512M), 0.0051781 secs]
2021-07-04T17:05:20.824+0800: [GC pause (G1 Evacuation Pause) (young) 168M->104M(512M), 0.0049912 secs]
2021-07-04T17:05:20.887+0800: [GC pause (G1 Evacuation Pause) (young) 327M->173M(512M), 0.0092801 secs]
2021-07-04T17:05:20.917+0800: [GC pause (G1 Evacuation Pause) (young) 329M->226M(512M), 0.0078123 secs]
2021-07-04T17:05:20.925+0800: [GC pause (G1 Humongous Allocation) (young) (initial-mark) 228M->226M(512M), 0.0025783 secs]
2021-07-04T17:05:20.928+0800: [GC concurrent-root-region-scan-start]
2021-07-04T17:05:20.928+0800: [GC concurrent-root-region-scan-end, 0.0001421 secs]
2021-07-04T17:05:20.928+0800: [GC concurrent-mark-start]
2021-07-04T17:05:20.929+0800: [GC concurrent-mark-end, 0.0013814 secs]
2021-07-04T17:05:20.929+0800: [GC remark, 0.0010712 secs]
2021-07-04T17:05:20.931+0800: [GC cleanup 235M->235M(512M), 0.0011023 secs]
2021-07-04T17:05:20.961+0800: [GC pause (G1 Evacuation Pause) (young) 385M->270M(512M), 0.0040077 secs]
2021-07-04T17:05:20.967+0800: [GC pause (G1 Evacuation Pause) (mixed) 280M->260M(512M), 0.0031552 secs]
2021-07-04T17:05:20.970+0800: [GC pause (G1 Humongous Allocation) (young) (initial-mark) 260M->259M(512M), 0.0011103 secs]
2021-07-04T17:05:20.971+0800: [GC concurrent-root-region-scan-start]
2021-07-04T17:05:20.971+0800: [GC concurrent-root-region-scan-end, 0.0001478 secs]
2021-07-04T17:05:20.971+0800: [GC concurrent-mark-start]
2021-07-04T17:05:20.973+0800: [GC concurrent-mark-end, 0.0011696 secs]
2021-07-04T17:05:20.973+0800: [GC remark, 0.0012278 secs]
2021-07-04T17:05:20.974+0800: [GC cleanup 269M->269M(512M), 0.0005993 secs]
2021-07-04T17:05:20.993+0800: [GC pause (G1 Evacuation Pause) (young) 410M->303M(512M), 0.0045431 secs]
2021-07-04T17:05:20.999+0800: [GC pause (G1 Evacuation Pause) (mixed) 315M->282M(512M), 0.0040757 secs]
2021-07-04T17:05:21.005+0800: [GC pause (G1 Humongous Allocation) (young) (initial-mark) 293M->285M(512M), 0.0015642 secs]
2021-07-04T17:05:21.006+0800: [GC concurrent-root-region-scan-start]
2021-07-04T17:05:21.006+0800: [GC concurrent-root-region-scan-end, 0.0001384 secs]
2021-07-04T17:05:21.006+0800: [GC concurrent-mark-start]
2021-07-04T17:05:21.007+0800: [GC concurrent-mark-end, 0.0010580 secs]
2021-07-04T17:05:21.007+0800: [GC remark, 0.0010800 secs]
2021-07-04T17:05:21.009+0800: [GC cleanup 294M->294M(512M), 0.0007815 secs]
2021-07-04T17:05:21.028+0800: [GC pause (G1 Evacuation Pause) (young) 410M->323M(512M), 0.0042748 secs]
2021-07-04T17:05:21.035+0800: [GC pause (G1 Evacuation Pause) (mixed) 339M->303M(512M), 0.0040844 secs]
2021-07-04T17:05:21.039+0800: [GC pause (G1 Humongous Allocation) (young) (initial-mark) 304M->303M(512M), 0.0010510 secs]
2021-07-04T17:05:21.040+0800: [GC concurrent-root-region-scan-start]
2021-07-04T17:05:21.040+0800: [GC concurrent-root-region-scan-end, 0.0000954 secs]
2021-07-04T17:05:21.040+0800: [GC concurrent-mark-start]
2021-07-04T17:05:21.041+0800: [GC concurrent-mark-end, 0.0011693 secs]
2021-07-04T17:05:21.041+0800: [GC remark, 0.0011531 secs]
2021-07-04T17:05:21.043+0800: [GC cleanup 312M->312M(512M), 0.0004436 secs]
2021-07-04T17:05:21.056+0800: [GC pause (G1 Evacuation Pause) (young) 419M->332M(512M), 0.0032762 secs]
2021-07-04T17:05:21.063+0800: [GC pause (G1 Evacuation Pause) (mixed) 347M->308M(512M), 0.0043587 secs]
2021-07-04T17:05:21.071+0800: [GC pause (G1 Evacuation Pause) (mixed) 333M->316M(512M), 0.0019927 secs]
2021-07-04T17:05:21.073+0800: [GC pause (G1 Humongous Allocation) (young) (initial-mark) 317M->316M(512M), 0.0010108 secs]
2021-07-04T17:05:21.075+0800: [GC concurrent-root-region-scan-start]
2021-07-04T17:05:21.075+0800: [GC concurrent-root-region-scan-end, 0.0001578 secs]
2021-07-04T17:05:21.075+0800: [GC concurrent-mark-start]
2021-07-04T17:05:21.076+0800: [GC concurrent-mark-end, 0.0016043 secs]
2021-07-04T17:05:21.076+0800: [GC remark, 0.0026659 secs]
2021-07-04T17:05:21.079+0800: [GC cleanup 329M->329M(512M), 0.0012836 secs]
2021-07-04T17:05:21.093+0800: [GC pause (G1 Evacuation Pause) (young) 421M->348M(512M), 0.0030241 secs]
2021-07-04T17:05:21.098+0800: [GC pause (G1 Evacuation Pause) (mixed) 366M->326M(512M), 0.0044017 secs]
2021-07-04T17:05:21.105+0800: [GC pause (G1 Evacuation Pause) (mixed) 351M->333M(512M), 0.0022226 secs]
2021-07-04T17:05:21.108+0800: [GC pause (G1 Humongous Allocation) (young) (initial-mark) 336M->333M(512M), 0.0012253 secs]
2021-07-04T17:05:21.109+0800: [GC concurrent-root-region-scan-start]
2021-07-04T17:05:21.109+0800: [GC concurrent-root-region-scan-end, 0.0000931 secs]
2021-07-04T17:05:21.109+0800: [GC concurrent-mark-start]
2021-07-04T17:05:21.111+0800: [GC concurrent-mark-end, 0.0011708 secs]
2021-07-04T17:05:21.111+0800: [GC remark, 0.0011676 secs]
2021-07-04T17:05:21.112+0800: [GC cleanup 344M->344M(512M), 0.0004728 secs]
2021-07-04T17:05:21.119+0800: [GC pause (G1 Evacuation Pause) (young) 405M->354M(512M), 0.0030890 secs]
2021-07-04T17:05:21.125+0800: [GC pause (G1 Evacuation Pause) (mixed) 377M->340M(512M), 0.0051965 secs]
2021-07-04T17:05:21.133+0800: [GC pause (G1 Evacuation Pause) (mixed) 366M->341M(512M), 0.0027757 secs]
2021-07-04T17:05:21.136+0800: [GC pause (G1 Humongous Allocation) (young) (initial-mark) 345M->341M(512M), 0.0015030 secs]
2021-07-04T17:05:21.138+0800: [GC concurrent-root-region-scan-start]
2021-07-04T17:05:21.138+0800: [GC concurrent-root-region-scan-end, 0.0001387 secs]
2021-07-04T17:05:21.138+0800: [GC concurrent-mark-start]
2021-07-04T17:05:21.139+0800: [GC concurrent-mark-end, 0.0011854 secs]
2021-07-04T17:05:21.139+0800: [GC remark, 0.0013456 secs]
2021-07-04T17:05:21.141+0800: [GC cleanup 348M->348M(512M), 0.0004566 secs]
2021-07-04T17:05:21.149+0800: [GC pause (G1 Evacuation Pause) (young) 409M->363M(512M), 0.0031770 secs]
2021-07-04T17:05:21.156+0800: [GC pause (G1 Evacuation Pause) (mixed) 386M->349M(512M), 0.0050548 secs]
2021-07-04T17:05:21.164+0800: [GC pause (G1 Evacuation Pause) (mixed) 374M->355M(512M), 0.0022784 secs]
2021-07-04T17:05:21.166+0800: [GC pause (G1 Humongous Allocation) (young) (initial-mark) 355M->354M(512M), 0.0010557 secs]
2021-07-04T17:05:21.167+0800: [GC concurrent-root-region-scan-start]
2021-07-04T17:05:21.167+0800: [GC concurrent-root-region-scan-end, 0.0000964 secs]
2021-07-04T17:05:21.167+0800: [GC concurrent-mark-start]
2021-07-04T17:05:21.169+0800: [GC concurrent-mark-end, 0.0012031 secs]
2021-07-04T17:05:21.169+0800: [GC remark, 0.0011518 secs]
2021-07-04T17:05:21.170+0800: [GC cleanup 363M->363M(512M), 0.0004283 secs]
2021-07-04T17:05:21.175+0800: [GC pause (G1 Evacuation Pause) (young) 401M->370M(512M), 0.0035881 secs]
2021-07-04T17:05:21.181+0800: [GC pause (G1 Evacuation Pause) (mixed) 393M->352M(512M), 0.0044836 secs]
2021-07-04T17:05:21.189+0800: [GC pause (G1 Evacuation Pause) (mixed) 379M->358M(512M), 0.0023745 secs]
2021-07-04T17:05:21.192+0800: [GC pause (G1 Humongous Allocation) (young) (initial-mark) 361M->359M(512M), 0.0013419 secs]
2021-07-04T17:05:21.193+0800: [GC concurrent-root-region-scan-start]
2021-07-04T17:05:21.193+0800: [GC concurrent-root-region-scan-end, 0.0001710 secs]
2021-07-04T17:05:21.193+0800: [GC concurrent-mark-start]
2021-07-04T17:05:21.195+0800: [GC concurrent-mark-end, 0.0014273 secs]
2021-07-04T17:05:21.195+0800: [GC remark, 0.0011856 secs]
2021-07-04T17:05:21.196+0800: [GC cleanup 366M->366M(512M), 0.0004220 secs]
2021-07-04T17:05:21.202+0800: [GC pause (G1 Evacuation Pause) (young) 404M->373M(512M), 0.0023156 secs]
2021-07-04T17:05:21.207+0800: [GC pause (G1 Evacuation Pause) (mixed) 395M->356M(512M), 0.0055030 secs]
2021-07-04T17:05:21.216+0800: [GC pause (G1 Evacuation Pause) (mixed) 382M->361M(512M), 0.0022678 secs]
2021-07-04T17:05:21.220+0800: [GC pause (G1 Humongous Allocation) (young) (initial-mark) 372M->366M(512M), 0.0013859 secs]
2021-07-04T17:05:21.221+0800: [GC concurrent-root-region-scan-start]
2021-07-04T17:05:21.221+0800: [GC concurrent-root-region-scan-end, 0.0001115 secs]
2021-07-04T17:05:21.221+0800: [GC concurrent-mark-start]
2021-07-04T17:05:21.223+0800: [GC concurrent-mark-end, 0.0017447 secs]
2021-07-04T17:05:21.223+0800: [GC remark, 0.0011494 secs]
2021-07-04T17:05:21.224+0800: [GC cleanup 381M->381M(512M), 0.0004750 secs]
2021-07-04T17:05:21.229+0800: [GC pause (G1 Evacuation Pause) (young) 400M->375M(512M), 0.0022948 secs]
2021-07-04T17:05:21.234+0800: [GC pause (G1 Evacuation Pause) (mixed) 403M->367M(512M), 0.0044589 secs]
2021-07-04T17:05:21.239+0800: [GC pause (G1 Humongous Allocation) (young) (initial-mark) 370M->368M(512M), 0.0010556 secs]
2021-07-04T17:05:21.240+0800: [GC concurrent-root-region-scan-start]
2021-07-04T17:05:21.240+0800: [GC concurrent-root-region-scan-end, 0.0000975 secs]
2021-07-04T17:05:21.240+0800: [GC concurrent-mark-start]
2021-07-04T17:05:21.242+0800: [GC concurrent-mark-end, 0.0011034 secs]
2021-07-04T17:05:21.242+0800: [GC remark, 0.0012961 secs]
2021-07-04T17:05:21.243+0800: [GC cleanup 379M->379M(512M), 0.0004476 secs]
2021-07-04T17:05:21.246+0800: [GC pause (G1 Evacuation Pause) (young) 401M->377M(512M), 0.0020458 secs]
2021-07-04T17:05:21.252+0800: [GC pause (G1 Evacuation Pause) (mixed) 401M->364M(512M), 0.0038432 secs]
2021-07-04T17:05:21.256+0800: [GC pause (G1 Humongous Allocation) (young) (initial-mark) 366M->364M(512M), 0.0010392 secs]
2021-07-04T17:05:21.257+0800: [GC concurrent-root-region-scan-start]
2021-07-04T17:05:21.258+0800: [GC concurrent-root-region-scan-end, 0.0001463 secs]
2021-07-04T17:05:21.258+0800: [GC concurrent-mark-start]
2021-07-04T17:05:21.259+0800: [GC concurrent-mark-end, 0.0013342 secs]
2021-07-04T17:05:21.259+0800: [GC remark, 0.0012077 secs]
2021-07-04T17:05:21.260+0800: [GC cleanup 372M->372M(512M), 0.0004467 secs]
2021-07-04T17:05:21.264+0800: [GC pause (G1 Evacuation Pause) (young) 395M->371M(512M), 0.0016619 secs]
2021-07-04T17:05:21.269+0800: [GC pause (G1 Evacuation Pause) (mixed) 401M->366M(512M), 0.0037279 secs]
2021-07-04T17:05:21.272+0800: [GC pause (G1 Humongous Allocation) (young) (initial-mark) 366M->366M(512M), 0.0009897 secs]
2021-07-04T17:05:21.273+0800: [GC concurrent-root-region-scan-start]
2021-07-04T17:05:21.273+0800: [GC concurrent-root-region-scan-end, 0.0000447 secs]
2021-07-04T17:05:21.274+0800: [GC concurrent-mark-start]
2021-07-04T17:05:21.275+0800: [GC concurrent-mark-end, 0.0018681 secs]
2021-07-04T17:05:21.275+0800: [GC remark, 0.0012474 secs]
2021-07-04T17:05:21.277+0800: [GC cleanup 379M->379M(512M), 0.0004506 secs]
2021-07-04T17:05:21.280+0800: [GC pause (G1 Evacuation Pause) (young) 399M->377M(512M), 0.0019841 secs]
2021-07-04T17:05:21.286+0800: [GC pause (G1 Evacuation Pause) (mixed) 400M->369M(512M), 0.0038888 secs]
2021-07-04T17:05:21.290+0800: [GC pause (G1 Humongous Allocation) (young) (initial-mark) 370M->370M(512M), 0.0010636 secs]
2021-07-04T17:05:21.291+0800: [GC concurrent-root-region-scan-start]
2021-07-04T17:05:21.292+0800: [GC concurrent-root-region-scan-end, 0.0001393 secs]
2021-07-04T17:05:21.292+0800: [GC concurrent-mark-start]
2021-07-04T17:05:21.293+0800: [GC concurrent-mark-end, 0.0014043 secs]
2021-07-04T17:05:21.293+0800: [GC remark, 0.0013452 secs]
2021-07-04T17:05:21.295+0800: [GC cleanup 382M->382M(512M), 0.0004511 secs]
2021-07-04T17:05:21.298+0800: [GC pause (G1 Evacuation Pause) (young) 404M->384M(512M), 0.0021529 secs]
2021-07-04T17:05:21.303+0800: [GC pause (G1 Evacuation Pause) (mixed) 414M->376M(512M), 0.0040701 secs]
2021-07-04T17:05:21.308+0800: [GC pause (G1 Humongous Allocation) (young) (initial-mark) 377M->376M(512M), 0.0010485 secs]
2021-07-04T17:05:21.309+0800: [GC concurrent-root-region-scan-start]
2021-07-04T17:05:21.309+0800: [GC concurrent-root-region-scan-end, 0.0001142 secs]
2021-07-04T17:05:21.309+0800: [GC concurrent-mark-start]
2021-07-04T17:05:21.310+0800: [GC concurrent-mark-end, 0.0012172 secs]
2021-07-04T17:05:21.310+0800: [GC remark, 0.0011907 secs]
2021-07-04T17:05:21.311+0800: [GC cleanup 391M->391M(512M), 0.0003967 secs]
2021-07-04T17:05:21.314+0800: [GC pause (G1 Evacuation Pause) (young) 409M->383M(512M), 0.0019459 secs]
2021-07-04T17:05:21.319+0800: [GC pause (G1 Evacuation Pause) (mixed) 411M->376M(512M), 0.0042423 secs]
2021-07-04T17:05:21.324+0800: [GC pause (G1 Humongous Allocation) (young) (initial-mark) 377M->376M(512M), 0.0010556 secs]
2021-07-04T17:05:21.325+0800: [GC concurrent-root-region-scan-start]
2021-07-04T17:05:21.325+0800: [GC concurrent-root-region-scan-end, 0.0001507 secs]
2021-07-04T17:05:21.325+0800: [GC concurrent-mark-start]
2021-07-04T17:05:21.327+0800: [GC concurrent-mark-end, 0.0017512 secs]
2021-07-04T17:05:21.327+0800: [GC remark, 0.0016483 secs]
2021-07-04T17:05:21.329+0800: [GC cleanup 391M->391M(512M), 0.0005057 secs]
2021-07-04T17:05:21.331+0800: [GC pause (G1 Evacuation Pause) (young) 406M->386M(512M), 0.0018070 secs]
2021-07-04T17:05:21.338+0800: [GC pause (G1 Evacuation Pause) (mixed)-- 415M->388M(512M), 0.0045109 secs]
2021-07-04T17:05:21.343+0800: [GC pause (G1 Humongous Allocation) (young) (initial-mark) 391M->389M(512M), 0.0012252 secs]
2021-07-04T17:05:21.345+0800: [GC concurrent-root-region-scan-start]
2021-07-04T17:05:21.345+0800: [GC concurrent-root-region-scan-end, 0.0001248 secs]
2021-07-04T17:05:21.345+0800: [GC concurrent-mark-start]
2021-07-04T17:05:21.346+0800: [GC concurrent-mark-end, 0.0012837 secs]
2021-07-04T17:05:21.346+0800: [GC remark, 0.0012757 secs]
2021-07-04T17:05:21.347+0800: [GC cleanup 400M->400M(512M), 0.0004505 secs]
2021-07-04T17:05:21.350+0800: [GC pause (G1 Evacuation Pause) (young) 418M->399M(512M), 0.0021459 secs]
2021-07-04T17:05:21.356+0800: [GC pause (G1 Evacuation Pause) (mixed)-- 424M->410M(512M), 0.0032629 secs]
2021-07-04T17:05:21.359+0800: [GC pause (G1 Humongous Allocation) (young) (initial-mark) 411M->411M(512M), 0.0011752 secs]
2021-07-04T17:05:21.360+0800: [GC concurrent-root-region-scan-start]
2021-07-04T17:05:21.361+0800: [GC concurrent-root-region-scan-end, 0.0002103 secs]
2021-07-04T17:05:21.361+0800: [GC concurrent-mark-start]
2021-07-04T17:05:21.362+0800: [GC concurrent-mark-end, 0.0016050 secs]
2021-07-04T17:05:21.362+0800: [GC remark, 0.0014507 secs]
2021-07-04T17:05:21.364+0800: [GC cleanup 419M->419M(512M), 0.0004914 secs]
2021-07-04T17:05:21.368+0800: [GC pause (G1 Evacuation Pause) (young)-- 440M->423M(512M), 0.0016697 secs]
2021-07-04T17:05:21.372+0800: [GC pause (G1 Evacuation Pause) (mixed)-- 448M->441M(512M), 0.0013055 secs]
2021-07-04T17:05:21.375+0800: [GC pause (G1 Evacuation Pause) (mixed)-- 450M->447M(512M), 0.0014143 secs]
2021-07-04T17:05:21.377+0800: [GC pause (G1 Humongous Allocation) (young) (initial-mark) 448M->447M(512M), 0.0007031 secs]
2021-07-04T17:05:21.378+0800: [GC concurrent-root-region-scan-start]
2021-07-04T17:05:21.378+0800: [GC concurrent-root-region-scan-end, 0.0000092 secs]
2021-07-04T17:05:21.378+0800: [GC concurrent-mark-start]
2021-07-04T17:05:21.378+0800: [GC pause (G1 Evacuation Pause) (young)-- 452M->450M(512M), 0.0008021 secs]
2021-07-04T17:05:21.379+0800: [GC pause (G1 Evacuation Pause) (young)-- 452M->450M(512M), 0.0007924 secs]
2021-07-04T17:05:21.380+0800: [GC pause (G1 Evacuation Pause) (young)-- 452M->452M(512M), 0.0006694 secs]
2021-07-04T17:05:21.381+0800: [Full GC (Allocation Failure)  452M->332M(512M), 0.0351402 secs]
2021-07-04T17:05:21.416+0800: [GC concurrent-mark-abort]
2021-07-04T17:05:21.417+0800: [GC pause (G1 Humongous Allocation) (young) (initial-mark) 334M->333M(512M), 0.0007845 secs]
2021-07-04T17:05:21.418+0800: [GC concurrent-root-region-scan-start]
2021-07-04T17:05:21.418+0800: [GC concurrent-root-region-scan-end, 0.0000912 secs]
2021-07-04T17:05:21.418+0800: [GC concurrent-mark-start]
2021-07-04T17:05:21.419+0800: [GC concurrent-mark-end, 0.0011337 secs]
2021-07-04T17:05:21.419+0800: [GC remark, 0.0011393 secs]
2021-07-04T17:05:21.420+0800: [GC cleanup 347M->347M(512M), 0.0004030 secs]
2021-07-04T17:05:21.423+0800: [GC pause (G1 Evacuation Pause) (young) 369M->344M(512M), 0.0021846 secs]
2021-07-04T17:05:21.426+0800: [GC pause (G1 Humongous Allocation) (young) (initial-mark) 348M->345M(512M), 0.0013011 secs]
2021-07-04T17:05:21.427+0800: [GC concurrent-root-region-scan-start]
2021-07-04T17:05:21.428+0800: [GC concurrent-root-region-scan-end, 0.0000991 secs]
2021-07-04T17:05:21.428+0800: [GC concurrent-mark-start]
2021-07-04T17:05:21.429+0800: [GC concurrent-mark-end, 0.0011895 secs]
2021-07-04T17:05:21.429+0800: [GC remark, 0.0011767 secs]
2021-07-04T17:05:21.430+0800: [GC cleanup 355M->355M(512M), 0.0003745 secs]
2021-07-04T17:05:21.433+0800: [GC pause (G1 Evacuation Pause) (young) 378M->354M(512M), 0.0018489 secs]
2021-07-04T17:05:21.437+0800: [GC pause (G1 Evacuation Pause) (mixed) 379M->353M(512M), 0.0023163 secs]
2021-07-04T17:05:21.440+0800: [GC pause (G1 Humongous Allocation) (young) (initial-mark) 356M->355M(512M), 0.0010483 secs]
2021-07-04T17:05:21.441+0800: [GC concurrent-root-region-scan-start]
2021-07-04T17:05:21.441+0800: [GC concurrent-root-region-scan-end, 0.0000444 secs]
2021-07-04T17:05:21.441+0800: [GC concurrent-mark-start]
2021-07-04T17:05:21.443+0800: [GC concurrent-mark-end, 0.0019669 secs]
2021-07-04T17:05:21.443+0800: [GC remark, 0.0011489 secs]
2021-07-04T17:05:21.444+0800: [GC cleanup 366M->366M(512M), 0.0004119 secs]
2021-07-04T17:05:21.447+0800: [GC pause (G1 Evacuation Pause) (young) 386M->361M(512M), 0.0016541 secs]
2021-07-04T17:05:21.452+0800: [GC pause (G1 Evacuation Pause) (mixed) 387M->362M(512M), 0.0034729 secs]
2021-07-04T17:05:21.456+0800: [GC pause (G1 Humongous Allocation) (young) (initial-mark) 367M->362M(512M), 0.0010247 secs]
2021-07-04T17:05:21.457+0800: [GC concurrent-root-region-scan-start]
2021-07-04T17:05:21.457+0800: [GC concurrent-root-region-scan-end, 0.0000964 secs]
2021-07-04T17:05:21.457+0800: [GC concurrent-mark-start]
2021-07-04T17:05:21.458+0800: [GC concurrent-mark-end, 0.0010570 secs]
2021-07-04T17:05:21.458+0800: [GC remark, 0.0012112 secs]
2021-07-04T17:05:21.460+0800: [GC cleanup 373M->373M(512M), 0.0005769 secs]
2021-07-04T17:05:21.463+0800: [GC pause (G1 Evacuation Pause) (young) 395M->372M(512M), 0.0020349 secs]
2021-07-04T17:05:21.468+0800: [GC pause (G1 Evacuation Pause) (mixed)-- 397M->384M(512M), 0.0034510 secs]
2021-07-04T17:05:21.472+0800: [GC pause (G1 Humongous Allocation) (young) (initial-mark) 385M->384M(512M), 0.0009808 secs]
2021-07-04T17:05:21.473+0800: [GC concurrent-root-region-scan-start]
2021-07-04T17:05:21.473+0800: [GC concurrent-root-region-scan-end, 0.0000921 secs]
2021-07-04T17:05:21.473+0800: [GC concurrent-mark-start]
2021-07-04T17:05:21.474+0800: [GC concurrent-mark-end, 0.0010900 secs]
2021-07-04T17:05:21.474+0800: [GC remark, 0.0012237 secs]
2021-07-04T17:05:21.475+0800: [GC cleanup 393M->393M(512M), 0.0004454 secs]
2021-07-04T17:05:21.480+0800: [GC pause (G1 Evacuation Pause) (young) 417M->396M(512M), 0.0019578 secs]
2021-07-04T17:05:21.484+0800: [GC pause (G1 Evacuation Pause) (mixed)-- 423M->418M(512M), 0.0016789 secs]
2021-07-04T17:05:21.487+0800: [GC pause (G1 Humongous Allocation) (mixed)-- 428M->424M(512M), 0.0009148 secs]
2021-07-04T17:05:21.488+0800: [GC pause (G1 Humongous Allocation) (young) (initial-mark) 428M->424M(512M), 0.0006343 secs]
2021-07-04T17:05:21.489+0800: [GC concurrent-root-region-scan-start]
2021-07-04T17:05:21.489+0800: [GC concurrent-root-region-scan-end, 0.0000835 secs]
2021-07-04T17:05:21.489+0800: [GC concurrent-mark-start]
2021-07-04T17:05:21.490+0800: [GC pause (G1 Evacuation Pause) (young)-- 428M->428M(512M), 0.0007812 secs]
2021-07-04T17:05:21.491+0800: [GC pause (G1 Humongous Allocation) (young)-- 428M->428M(512M), 0.0007121 secs]
2021-07-04T17:05:21.492+0800: [Full GC (Allocation Failure)  428M->342M(512M), 0.0305633 secs]
2021-07-04T17:05:21.522+0800: [GC concurrent-mark-abort]
2021-07-04T17:05:21.522+0800: [GC pause (G1 Humongous Allocation) (young) (initial-mark) 344M->342M(512M), 0.0008329 secs]
2021-07-04T17:05:21.523+0800: [GC concurrent-root-region-scan-start]
2021-07-04T17:05:21.523+0800: [GC concurrent-root-region-scan-end, 0.0000776 secs]
2021-07-04T17:05:21.523+0800: [GC concurrent-mark-start]
2021-07-04T17:05:21.524+0800: [GC concurrent-mark-end, 0.0011131 secs]
2021-07-04T17:05:21.525+0800: [GC remark, 0.0011655 secs]
2021-07-04T17:05:21.526+0800: [GC cleanup 350M->350M(512M), 0.0004268 secs]
2021-07-04T17:05:21.529+0800: [GC pause (G1 Evacuation Pause) (young) 375M->350M(512M), 0.0023295 secs]
2021-07-04T17:05:21.532+0800: [GC pause (G1 Humongous Allocation) (young) (initial-mark) 353M->350M(512M), 0.0011343 secs]
2021-07-04T17:05:21.533+0800: [GC concurrent-root-region-scan-start]
2021-07-04T17:05:21.533+0800: [GC concurrent-root-region-scan-end, 0.0000331 secs]
2021-07-04T17:05:21.533+0800: [GC concurrent-mark-start]
2021-07-04T17:05:21.534+0800: [GC concurrent-mark-end, 0.0011743 secs]
2021-07-04T17:05:21.535+0800: [GC remark, 0.0011426 secs]
2021-07-04T17:05:21.536+0800: [GC cleanup 362M->362M(512M), 0.0004547 secs]
2021-07-04T17:05:21.538+0800: [GC pause (G1 Evacuation Pause) (young) 380M->358M(512M), 0.0017748 secs]
2021-07-04T17:05:21.544+0800: [GC pause (G1 Evacuation Pause) (mixed) 385M->366M(512M), 0.0020015 secs]
2021-07-04T17:05:21.546+0800: [GC pause (G1 Humongous Allocation) (young) (initial-mark) 369M->367M(512M), 0.0010485 secs]
2021-07-04T17:05:21.547+0800: [GC concurrent-root-region-scan-start]
2021-07-04T17:05:21.547+0800: [GC concurrent-root-region-scan-end, 0.0000330 secs]
2021-07-04T17:05:21.547+0800: [GC concurrent-mark-start]
2021-07-04T17:05:21.548+0800: [GC concurrent-mark-end, 0.0011353 secs]
2021-07-04T17:05:21.548+0800: [GC remark, 0.0011312 secs]
2021-07-04T17:05:21.550+0800: [GC cleanup 374M->374M(512M), 0.0004176 secs]
2021-07-04T17:05:21.553+0800: [GC pause (G1 Evacuation Pause) (young) 398M->375M(512M), 0.0020405 secs]
2021-07-04T17:05:21.560+0800: [GC pause (G1 Evacuation Pause) (mixed)-- 400M->386M(512M), 0.0030363 secs]
2021-07-04T17:05:21.563+0800: [GC pause (G1 Humongous Allocation) (young) (initial-mark) 388M->386M(512M), 0.0011921 secs]
2021-07-04T17:05:21.564+0800: [GC concurrent-root-region-scan-start]
2021-07-04T17:05:21.564+0800: [GC concurrent-root-region-scan-end, 0.0000436 secs]
2021-07-04T17:05:21.564+0800: [GC concurrent-mark-start]
2021-07-04T17:05:21.566+0800: [GC concurrent-mark-end, 0.0012316 secs]
2021-07-04T17:05:21.566+0800: [GC remark, 0.0014088 secs]
2021-07-04T17:05:21.567+0800: [GC cleanup 395M->395M(512M), 0.0004386 secs]
2021-07-04T17:05:21.570+0800: [GC pause (G1 Evacuation Pause) (young) 412M->392M(512M), 0.0015533 secs]
2021-07-04T17:05:21.576+0800: [GC pause (G1 Evacuation Pause) (mixed)-- 420M->410M(512M), 0.0025823 secs]
2021-07-04T17:05:21.579+0800: [GC pause (G1 Humongous Allocation) (young) (initial-mark) 412M->411M(512M), 0.0010093 secs]
2021-07-04T17:05:21.580+0800: [GC concurrent-root-region-scan-start]
2021-07-04T17:05:21.580+0800: [GC concurrent-root-region-scan-end, 0.0000498 secs]
2021-07-04T17:05:21.580+0800: [GC concurrent-mark-start]
2021-07-04T17:05:21.581+0800: [GC concurrent-mark-end, 0.0017645 secs]
2021-07-04T17:05:21.582+0800: [GC remark, 0.0012417 secs]
2021-07-04T17:05:21.583+0800: [GC cleanup 422M->422M(512M), 0.0005002 secs]
2021-07-04T17:05:21.584+0800: [GC pause (G1 Humongous Allocation) (young)-- 424M->420M(512M), 0.0009602 secs]
2021-07-04T17:05:21.586+0800: [GC pause (G1 Evacuation Pause) (mixed)-- 425M->425M(512M), 0.0009988 secs]
2021-07-04T17:05:21.587+0800: [Full GC (Allocation Failure)  425M->348M(512M), 0.0367631 secs]
2021-07-04T17:05:21.624+0800: [GC pause (G1 Humongous Allocation) (young) (initial-mark) 350M->349M(512M), 0.0008140 secs]
2021-07-04T17:05:21.625+0800: [GC concurrent-root-region-scan-start]
2021-07-04T17:05:21.625+0800: [GC concurrent-root-region-scan-end, 0.0000944 secs]
2021-07-04T17:05:21.625+0800: [GC concurrent-mark-start]
2021-07-04T17:05:21.626+0800: [GC concurrent-mark-end, 0.0017013 secs]
2021-07-04T17:05:21.627+0800: [GC remark, 0.0014515 secs]
2021-07-04T17:05:21.628+0800: [GC cleanup 365M->365M(512M), 0.0004743 secs]
2021-07-04T17:05:21.631+0800: [GC pause (G1 Evacuation Pause) (young) 377M->353M(512M), 0.0019183 secs]
2021-07-04T17:05:21.633+0800: [GC pause (G1 Humongous Allocation) (young) (initial-mark) 355M->353M(512M), 0.0009293 secs]
2021-07-04T17:05:21.634+0800: [GC concurrent-root-region-scan-start]
2021-07-04T17:05:21.635+0800: [GC concurrent-root-region-scan-end, 0.0001434 secs]
2021-07-04T17:05:21.635+0800: [GC concurrent-mark-start]
2021-07-04T17:05:21.636+0800: [GC concurrent-mark-end, 0.0016852 secs]
2021-07-04T17:05:21.636+0800: [GC remark, 0.0014254 secs]
2021-07-04T17:05:21.638+0800: [GC cleanup 365M->364M(512M), 0.0006857 secs]
2021-07-04T17:05:21.639+0800: [GC concurrent-cleanup-start]
2021-07-04T17:05:21.639+0800: [GC concurrent-cleanup-end, 0.0000166 secs]
2021-07-04T17:05:21.642+0800: [GC pause (G1 Evacuation Pause) (young) 381M->361M(512M), 0.0017677 secs]
2021-07-04T17:05:21.647+0800: [GC pause (G1 Evacuation Pause) (mixed) 388M->371M(512M), 0.0021912 secs]
2021-07-04T17:05:21.650+0800: [GC pause (G1 Humongous Allocation) (young) (initial-mark) 372M->369M(512M), 0.0009969 secs]
2021-07-04T17:05:21.651+0800: [GC concurrent-root-region-scan-start]
2021-07-04T17:05:21.651+0800: [GC concurrent-root-region-scan-end, 0.0001473 secs]
2021-07-04T17:05:21.651+0800: [GC concurrent-mark-start]
2021-07-04T17:05:21.653+0800: [GC concurrent-mark-end, 0.0017562 secs]
2021-07-04T17:05:21.653+0800: [GC remark, 0.0012320 secs]
2021-07-04T17:05:21.655+0800: [GC cleanup 383M->383M(512M), 0.0005908 secs]
2021-07-04T17:05:21.655+0800: [GC concurrent-cleanup-start]
2021-07-04T17:05:21.655+0800: [GC concurrent-cleanup-end, 0.0000159 secs]
2021-07-04T17:05:21.658+0800: [GC pause (G1 Evacuation Pause) (young) 399M->379M(512M), 0.0022082 secs]
2021-07-04T17:05:21.662+0800: [GC pause (G1 Evacuation Pause) (mixed)-- 402M->400M(512M), 0.0028462 secs]
2021-07-04T17:05:21.666+0800: [GC pause (G1 Humongous Allocation) (young) (initial-mark) 401M->400M(512M), 0.0010449 secs]
2021-07-04T17:05:21.667+0800: [GC concurrent-root-region-scan-start]
2021-07-04T17:05:21.667+0800: [GC concurrent-root-region-scan-end, 0.0002172 secs]
2021-07-04T17:05:21.667+0800: [GC concurrent-mark-start]
2021-07-04T17:05:21.669+0800: [GC concurrent-mark-end, 0.0021514 secs]
2021-07-04T17:05:21.669+0800: [GC remark, 0.0013050 secs]
2021-07-04T17:05:21.671+0800: [GC cleanup 416M->416M(512M), 0.0004710 secs]
2021-07-04T17:05:21.672+0800: [GC pause (G1 Evacuation Pause) (young)-- 421M->415M(512M), 0.0012268 secs]
2021-07-04T17:05:21.674+0800: [GC pause (G1 Humongous Allocation) (mixed)-- 421M->421M(512M), 0.0013510 secs]
2021-07-04T17:05:21.675+0800: [GC pause (G1 Evacuation Pause) (mixed)-- 422M->421M(512M), 0.0012683 secs]
2021-07-04T17:05:21.677+0800: [GC pause (G1 Evacuation Pause) (young)-- 423M->422M(512M), 0.0007237 secs]
2021-07-04T17:05:21.678+0800: [GC pause (G1 Evacuation Pause) (young) (initial-mark)-- 423M->423M(512M), 0.0007045 secs]
2021-07-04T17:05:21.679+0800: [GC concurrent-root-region-scan-start]
2021-07-04T17:05:21.679+0800: [GC concurrent-root-region-scan-end, 0.0000104 secs]
2021-07-04T17:05:21.679+0800: [GC concurrent-mark-start]
2021-07-04T17:05:21.679+0800: [Full GC (Allocation Failure)  423M->351M(512M), 0.0332572 secs]
2021-07-04T17:05:21.712+0800: [GC concurrent-mark-abort]
2021-07-04T17:05:21.712+0800: [GC pause (G1 Humongous Allocation) (young) (initial-mark) 351M->351M(512M), 0.0007554 secs]
2021-07-04T17:05:21.713+0800: [GC concurrent-root-region-scan-start]
2021-07-04T17:05:21.713+0800: [GC concurrent-root-region-scan-end, 0.0000341 secs]
2021-07-04T17:05:21.713+0800: [GC concurrent-mark-start]
执行结束!共生成对象次数:11703
2021-07-04T17:05:21.714+0800: [GC concurrent-mark-end, 0.0015090 secs]
2021-07-04T17:05:21.715+0800: [GC remark, 0.0011207 secs]
2021-07-04T17:05:21.716+0800: [GC cleanup 355M->355M(512M), 0.0004262 secs]