正在执行...
2021-07-04T16:32:28.414+0800: [GC (Allocation Failure) 2021-07-04T16:32:28.414+0800: [DefNew: 139776K->17472K(157248K), 0.0192925 secs] 139776K->51795K(506816K), 0.0193367 secs] [Times: user=0.00 sys=0.01, real=0.02 secs]
2021-07-04T16:32:28.452+0800: [GC (Allocation Failure) 2021-07-04T16:32:28.452+0800: [DefNew: 157248K->17471K(157248K), 0.0237094 secs] 191571K->96550K(506816K), 0.0237454 secs] [Times: user=0.00 sys=0.02, real=0.02 secs]
2021-07-04T16:32:28.493+0800: [GC (Allocation Failure) 2021-07-04T16:32:28.493+0800: [DefNew: 157247K->17471K(157248K), 0.0187403 secs] 236326K->142063K(506816K), 0.0187764 secs] [Times: user=0.00 sys=0.01, real=0.02 secs]
2021-07-04T16:32:28.529+0800: [GC (Allocation Failure) 2021-07-04T16:32:28.529+0800: [DefNew: 157247K->17470K(157248K), 0.0166146 secs] 281839K->181053K(506816K), 0.0166467 secs] [Times: user=0.00 sys=0.02, real=0.02 secs]
2021-07-04T16:32:28.566+0800: [GC (Allocation Failure) 2021-07-04T16:32:28.566+0800: [DefNew: 157246K->17471K(157248K), 0.0207584 secs] 320829K->227897K(506816K), 0.0208044 secs] [Times: user=0.03 sys=0.00, real=0.02 secs]
2021-07-04T16:32:28.603+0800: [GC (Allocation Failure) 2021-07-04T16:32:28.603+0800: [DefNew: 157247K->17471K(157248K), 0.0198468 secs] 367673K->278141K(506816K), 0.0198782 secs] [Times: user=0.00 sys=0.02, real=0.02 secs]
2021-07-04T16:32:28.638+0800: [GC (Allocation Failure) 2021-07-04T16:32:28.638+0800: [DefNew: 157247K->17470K(157248K), 0.0168667 secs] 417917K->321959K(506816K), 0.0169013 secs] [Times: user=0.00 sys=0.02, real=0.02 secs]
2021-07-04T16:32:28.670+0800: [GC (Allocation Failure) 2021-07-04T16:32:28.671+0800: [DefNew: 157246K->157246K(157248K), 0.0000127 secs]2021-07-04T16:32:28.671+0800: [Tenured: 304488K->266058K(349568K), 0.0309674 secs] 461735K->266058K(506816K), [Metaspace: 3361K->3361K(1056768K)], 0.0310489 secs] [Times: user=0.03 sys=0.00, real=0.03 secs]
2021-07-04T16:32:28.717+0800: [GC (Allocation Failure) 2021-07-04T16:32:28.717+0800: [DefNew: 139776K->17470K(157248K), 0.0057648 secs] 405834K->310447K(506816K), 0.0057968 secs] [Times: user=0.00 sys=0.00, real=0.01 secs]
2021-07-04T16:32:28.738+0800: [GC (Allocation Failure) 2021-07-04T16:32:28.738+0800: [DefNew: 157246K->17466K(157248K), 0.0128694 secs] 450223K->350133K(506816K), 0.0129012 secs] [Times: user=0.02 sys=0.00, real=0.01 secs]
2021-07-04T16:32:28.767+0800: [GC (Allocation Failure) 2021-07-04T16:32:28.767+0800: [DefNew: 157118K->157118K(157248K), 0.0000135 secs]2021-07-04T16:32:28.767+0800: [Tenured: 332667K->311116K(349568K), 0.0391908 secs] 489785K->311116K(506816K), [Metaspace: 3361K->3361K(1056768K)], 0.0392505 secs] [Times: user=0.05 sys=0.00, real=0.04 secs]
2021-07-04T16:32:28.830+0800: [GC (Allocation Failure) 2021-07-04T16:32:28.830+0800: [DefNew: 139776K->139776K(157248K), 0.0000130 secs]2021-07-04T16:32:28.830+0800: [Tenured: 311116K->322970K(349568K), 0.0376289 secs] 450892K->322970K(506816K), [Metaspace: 3361K->3361K(1056768K)], 0.0376878 secs] [Times: user=0.05 sys=0.00, real=0.04 secs]
2021-07-04T16:32:28.883+0800: [GC (Allocation Failure) 2021-07-04T16:32:28.883+0800: [DefNew: 139608K->139608K(157248K), 0.0000136 secs]2021-07-04T16:32:28.883+0800: [Tenured: 322970K->315386K(349568K), 0.0394895 secs] 462579K->315386K(506816K), [Metaspace: 3361K->3361K(1056768K)], 0.0395485 secs] [Times: user=0.03 sys=0.00, real=0.04 secs]
2021-07-04T16:32:28.939+0800: [GC (Allocation Failure) 2021-07-04T16:32:28.939+0800: [DefNew: 139776K->139776K(157248K), 0.0000143 secs]2021-07-04T16:32:28.939+0800: [Tenured: 315386K->339499K(349568K), 0.0253168 secs] 455162K->339499K(506816K), [Metaspace: 3361K->3361K(1056768K)], 0.0253728 secs] [Times: user=0.03 sys=0.00, real=0.03 secs]
2021-07-04T16:32:28.981+0800: [GC (Allocation Failure) 2021-07-04T16:32:28.981+0800: [DefNew: 139776K->139776K(157248K), 0.0000131 secs]2021-07-04T16:32:28.981+0800: [Tenured: 339499K->343823K(349568K), 0.0354116 secs] 479275K->343823K(506816K), [Metaspace: 3361K->3361K(1056768K)], 0.0354714 secs] [Times: user=0.03 sys=0.00, real=0.04 secs]
2021-07-04T16:32:29.032+0800: [GC (Allocation Failure) 2021-07-04T16:32:29.032+0800: [DefNew: 139776K->139776K(157248K), 0.0000146 secs]2021-07-04T16:32:29.032+0800: [Tenured: 343823K->349510K(349568K), 0.0377834 secs] 483599K->351096K(506816K), [Metaspace: 3361K->3361K(1056768K)], 0.0378384 secs] [Times: user=0.03 sys=0.02, real=0.04 secs]
2021-07-04T16:32:29.085+0800: [Full GC (Allocation Failure) 2021-07-04T16:32:29.085+0800: [Tenured: 349510K->338788K(349568K), 0.0431910 secs] 506376K->338788K(506816K), [Metaspace: 3361K->3361K(1056768K)], 0.0432390 secs] [Times: user=0.05 sys=0.00, real=0.04 secs]
2021-07-04T16:32:29.144+0800: [GC (Allocation Failure) 2021-07-04T16:32:29.144+0800: [DefNew: 139776K->139776K(157248K), 0.0000129 secs]2021-07-04T16:32:29.144+0800: [Tenured: 338788K->349477K(349568K), 0.0262119 secs] 478564K->366468K(506816K), [Metaspace: 3361K->3361K(1056768K)], 0.0262662 secs] [Times: user=0.03 sys=0.00, real=0.03 secs]
2021-07-04T16:32:29.190+0800: [Full GC (Allocation Failure) 2021-07-04T16:32:29.190+0800: [Tenured: 349477K->349564K(349568K), 0.0412900 secs] 506721K->365387K(506816K), [Metaspace: 3361K->3361K(1056768K)], 0.0413307 secs] [Times: user=0.05 sys=0.00, real=0.04 secs]
2021-07-04T16:32:29.252+0800: [Full GC (Allocation Failure) 2021-07-04T16:32:29.252+0800: [Tenured: 349564K->349084K(349568K), 0.0408474 secs] 506557K->358780K(506816K), [Metaspace: 3863K->3863K(1056768K)], 0.0408858 secs] [Times: user=0.05 sys=0.00, real=0.04 secs]
2021-07-04T16:32:29.310+0800: [Full GC (Allocation Failure) 2021-07-04T16:32:29.310+0800: [Tenured: 349563K->342227K(349568K), 0.0474813 secs] 506811K->342227K(506816K), [Metaspace: 3863K->3863K(1056768K)], 0.0475198 secs] [Times: user=0.05 sys=0.00, real=0.05 secs]
执行结束!共生成对象次数:11235
Heap
 def new generation   total 157248K, used 5579K [0x00000000e0000000, 0x00000000eaaa0000, 0x00000000eaaa0000)
  eden space 139776K,   3% used [0x00000000e0000000, 0x00000000e0572fc8, 0x00000000e8880000)
  from space 17472K,   0% used [0x00000000e9990000, 0x00000000e9990000, 0x00000000eaaa0000)
  to   space 17472K,   0% used [0x00000000e8880000, 0x00000000e8880000, 0x00000000e9990000)
 tenured generation   total 349568K, used 342227K [0x00000000eaaa0000, 0x0000000100000000, 0x0000000100000000)
   the space 349568K,  97% used [0x00000000eaaa0000, 0x00000000ff8d4df0, 0x00000000ff8d4e00, 0x0000000100000000)
 Metaspace       used 3870K, capacity 4572K, committed 4864K, reserved 1056768K
  class space    used 429K, capacity 460K, committed 512K, reserved 1048576K
