正在执行...
2021-07-04T16:55:17.780+0800: [GC (Allocation Failure) 2021-07-04T16:55:17.780+0800: [ParNew: 139776K->17471K(157248K), 0.0067268 secs] 139776K->43602K(506816K), 0.0067961 secs] [Times: user=0.00 sys=0.00, real=0.01 secs]
2021-07-04T16:55:17.804+0800: [GC (Allocation Failure) 2021-07-04T16:55:17.804+0800: [ParNew: 156954K->17472K(157248K), 0.0088214 secs] 183085K->86555K(506816K), 0.0088647 secs] [Times: user=0.03 sys=0.00, real=0.01 secs]
2021-07-04T16:55:17.830+0800: [GC (Allocation Failure) 2021-07-04T16:55:17.830+0800: [ParNew: 157248K->17471K(157248K), 0.0201790 secs] 226331K->132413K(506816K), 0.0202197 secs] [Times: user=0.09 sys=0.02, real=0.02 secs]
2021-07-04T16:55:17.870+0800: [GC (Allocation Failure) 2021-07-04T16:55:17.870+0800: [ParNew: 157247K->17471K(157248K), 0.0202638 secs] 272189K->177295K(506816K), 0.0203186 secs] [Times: user=0.08 sys=0.02, real=0.02 secs]
2021-07-04T16:55:17.909+0800: [GC (Allocation Failure) 2021-07-04T16:55:17.909+0800: [ParNew: 157247K->17470K(157248K), 0.0250518 secs] 317071K->229876K(506816K), 0.0251028 secs] [Times: user=0.16 sys=0.02, real=0.03 secs]
2021-07-04T16:55:17.934+0800: [GC (CMS Initial Mark) [1 CMS-initial-mark: 212405K(349568K)] 233026K(506816K), 0.0002321 secs] [Times: user=0.00 sys=0.00, real=0.00 secs]
2021-07-04T16:55:17.934+0800: [CMS-concurrent-mark-start]
2021-07-04T16:55:17.936+0800: [CMS-concurrent-mark: 0.002/0.002 secs] [Times: user=0.00 sys=0.00, real=0.00 secs]
2021-07-04T16:55:17.936+0800: [CMS-concurrent-preclean-start]
2021-07-04T16:55:17.936+0800: [CMS-concurrent-preclean: 0.000/0.000 secs] [Times: user=0.00 sys=0.00, real=0.00 secs]
2021-07-04T16:55:17.937+0800: [CMS-concurrent-abortable-preclean-start]
2021-07-04T16:55:17.950+0800: [GC (Allocation Failure) 2021-07-04T16:55:17.950+0800: [ParNew: 157246K->17469K(157248K), 0.0199769 secs] 369652K->274144K(506816K), 0.0200202 secs] [Times: user=0.09 sys=0.02, real=0.02 secs]
2021-07-04T16:55:17.988+0800: [GC (Allocation Failure) 2021-07-04T16:55:17.988+0800: [ParNew: 157024K->17470K(157248K), 0.0189640 secs] 413700K->315485K(506816K), 0.0190046 secs] [Times: user=0.09 sys=0.00, real=0.02 secs]
2021-07-04T16:55:18.023+0800: [GC (Allocation Failure) 2021-07-04T16:55:18.023+0800: [ParNew: 157246K->17471K(157248K), 0.0197047 secs] 455261K->358220K(506816K), 0.0197430 secs] [Times: user=0.09 sys=0.02, real=0.02 secs]
2021-07-04T16:55:18.042+0800: [CMS-concurrent-abortable-preclean: 0.003/0.106 secs] [Times: user=0.36 sys=0.03, real=0.11 secs]
2021-07-04T16:55:18.043+0800: [GC (CMS Final Remark) [YG occupancy: 17615 K (157248 K)]2021-07-04T16:55:18.043+0800: [Rescan (parallel) , 0.0002374 secs]2021-07-04T16:55:18.043+0800: [weak refs processing, 0.0000153 secs]2021-07-04T16:55:18.043+0800: [class unloading, 0.0002241 secs]2021-07-04T16:55:18.043+0800: [scrub symbol table, 0.0003149 secs]2021-07-04T16:55:18.043+0800: [scrub string table, 0.0001241 secs][1 CMS-remark: 340749K(349568K)] 358364K(506816K), 0.0009748 secs] [Times: user=0.00 sys=0.00, real=0.00 secs]
2021-07-04T16:55:18.044+0800: [CMS-concurrent-sweep-start]
2021-07-04T16:55:18.044+0800: [CMS-concurrent-sweep: 0.001/0.001 secs] [Times: user=0.00 sys=0.00, real=0.00 secs]
2021-07-04T16:55:18.044+0800: [CMS-concurrent-reset-start]
2021-07-04T16:55:18.045+0800: [CMS-concurrent-reset: 0.001/0.001 secs] [Times: user=0.00 sys=0.00, real=0.00 secs]
2021-07-04T16:55:18.062+0800: [GC (Allocation Failure) 2021-07-04T16:55:18.062+0800: [ParNew: 157247K->17471K(157248K), 0.0083057 secs] 458726K->360002K(506816K), 0.0083440 secs] [Times: user=0.08 sys=0.01, real=0.01 secs]
2021-07-04T16:55:18.070+0800: [GC (CMS Initial Mark) [1 CMS-initial-mark: 342531K(349568K)] 360290K(506816K), 0.0001267 secs] [Times: user=0.00 sys=0.00, real=0.00 secs]
2021-07-04T16:55:18.070+0800: [CMS-concurrent-mark-start]
2021-07-04T16:55:18.072+0800: [CMS-concurrent-mark: 0.002/0.002 secs] [Times: user=0.00 sys=0.00, real=0.00 secs]
2021-07-04T16:55:18.072+0800: [CMS-concurrent-preclean-start]
2021-07-04T16:55:18.073+0800: [CMS-concurrent-preclean: 0.001/0.001 secs] [Times: user=0.00 sys=0.00, real=0.00 secs]
2021-07-04T16:55:18.073+0800: [CMS-concurrent-abortable-preclean-start]
2021-07-04T16:55:18.073+0800: [CMS-concurrent-abortable-preclean: 0.000/0.000 secs] [Times: user=0.00 sys=0.00, real=0.00 secs]
2021-07-04T16:55:18.073+0800: [GC (CMS Final Remark) [YG occupancy: 31962 K (157248 K)]2021-07-04T16:55:18.073+0800: [Rescan (parallel) , 0.0002962 secs]2021-07-04T16:55:18.073+0800: [weak refs processing, 0.0000095 secs]2021-07-04T16:55:18.073+0800: [class unloading, 0.0002179 secs]2021-07-04T16:55:18.073+0800: [scrub symbol table, 0.0003550 secs]2021-07-04T16:55:18.074+0800: [scrub string table, 0.0001467 secs][1 CMS-remark: 342531K(349568K)] 374493K(506816K), 0.0010905 secs] [Times: user=0.00 sys=0.00, real=0.00 secs]
2021-07-04T16:55:18.074+0800: [CMS-concurrent-sweep-start]
2021-07-04T16:55:18.075+0800: [CMS-concurrent-sweep: 0.001/0.001 secs] [Times: user=0.00 sys=0.00, real=0.00 secs]
2021-07-04T16:55:18.075+0800: [CMS-concurrent-reset-start]
2021-07-04T16:55:18.075+0800: [CMS-concurrent-reset: 0.000/0.000 secs] [Times: user=0.00 sys=0.00, real=0.00 secs]
2021-07-04T16:55:18.093+0800: [GC (Allocation Failure) 2021-07-04T16:55:18.093+0800: [ParNew: 157247K->17471K(157248K), 0.0085292 secs] 400715K->306033K(506816K), 0.0085685 secs] [Times: user=0.09 sys=0.00, real=0.01 secs]
2021-07-04T16:55:18.101+0800: [GC (CMS Initial Mark) [1 CMS-initial-mark: 288562K(349568K)] 306707K(506816K), 0.0001778 secs] [Times: user=0.00 sys=0.00, real=0.00 secs]
2021-07-04T16:55:18.102+0800: [CMS-concurrent-mark-start]
2021-07-04T16:55:18.103+0800: [CMS-concurrent-mark: 0.001/0.001 secs] [Times: user=0.00 sys=0.00, real=0.00 secs]
2021-07-04T16:55:18.103+0800: [CMS-concurrent-preclean-start]
2021-07-04T16:55:18.103+0800: [CMS-concurrent-preclean: 0.000/0.000 secs] [Times: user=0.00 sys=0.00, real=0.00 secs]
2021-07-04T16:55:18.103+0800: [CMS-concurrent-abortable-preclean-start]
2021-07-04T16:55:18.119+0800: [GC (Allocation Failure) 2021-07-04T16:55:18.119+0800: [ParNew: 157074K->17471K(157248K), 0.0078543 secs] 445637K->350165K(506816K), 0.0078928 secs] [Times: user=0.00 sys=0.00, real=0.01 secs]
2021-07-04T16:55:18.127+0800: [CMS-concurrent-abortable-preclean: 0.000/0.023 secs] [Times: user=0.02 sys=0.00, real=0.02 secs]
2021-07-04T16:55:18.127+0800: [GC (CMS Final Remark) [YG occupancy: 20643 K (157248 K)]2021-07-04T16:55:18.127+0800: [Rescan (parallel) , 0.0003005 secs]2021-07-04T16:55:18.127+0800: [weak refs processing, 0.0000098 secs]2021-07-04T16:55:18.127+0800: [class unloading, 0.0001973 secs]2021-07-04T16:55:18.127+0800: [scrub symbol table, 0.0003496 secs]2021-07-04T16:55:18.128+0800: [scrub string table, 0.0001604 secs][1 CMS-remark: 332694K(349568K)] 353337K(506816K), 0.0010745 secs] [Times: user=0.00 sys=0.00, real=0.00 secs]
2021-07-04T16:55:18.128+0800: [CMS-concurrent-sweep-start]
2021-07-04T16:55:18.129+0800: [CMS-concurrent-sweep: 0.001/0.001 secs] [Times: user=0.00 sys=0.00, real=0.00 secs]
2021-07-04T16:55:18.129+0800: [CMS-concurrent-reset-start]
2021-07-04T16:55:18.129+0800: [CMS-concurrent-reset: 0.000/0.000 secs] [Times: user=0.00 sys=0.00, real=0.00 secs]
2021-07-04T16:55:18.146+0800: [GC (Allocation Failure) 2021-07-04T16:55:18.146+0800: [ParNew (promotion failed): 157247K->157245K(157248K), 0.0125861 secs]2021-07-04T16:55:18.159+0800: [CMS: 344947K->296241K(349568K), 0.0430408 secs] 455882K->296241K(506816K), [Metaspace: 3361K->3361K(1056768K)], 0.0557081 secs] [Times: user=0.14 sys=0.00, real=0.06 secs]
2021-07-04T16:55:18.202+0800: [GC (CMS Initial Mark) [1 CMS-initial-mark: 296241K(349568K)] 296845K(506816K), 0.0001467 secs] [Times: user=0.00 sys=0.00, real=0.00 secs]
2021-07-04T16:55:18.202+0800: [CMS-concurrent-mark-start]
2021-07-04T16:55:18.203+0800: [CMS-concurrent-mark: 0.001/0.001 secs] [Times: user=0.00 sys=0.00, real=0.00 secs]
2021-07-04T16:55:18.203+0800: [CMS-concurrent-preclean-start]
2021-07-04T16:55:18.204+0800: [CMS-concurrent-preclean: 0.001/0.001 secs] [Times: user=0.00 sys=0.00, real=0.00 secs]
2021-07-04T16:55:18.204+0800: [CMS-concurrent-abortable-preclean-start]
2021-07-04T16:55:18.219+0800: [GC (Allocation Failure) 2021-07-04T16:55:18.219+0800: [ParNew: 139776K->17470K(157248K), 0.0067641 secs] 436017K->339019K(506816K), 0.0068055 secs] [Times: user=0.11 sys=0.00, real=0.01 secs]
2021-07-04T16:55:18.244+0800: [GC (Allocation Failure) 2021-07-04T16:55:18.244+0800: [ParNew: 157246K->157246K(157248K), 0.0000165 secs]2021-07-04T16:55:18.244+0800: [CMS2021-07-04T16:55:18.244+0800: [CMS-concurrent-abortable-preclean: 0.002/0.040 secs] [Times: user=0.14 sys=0.00, real=0.04 secs]
 (concurrent mode failure): 321549K->310829K(349568K), 0.0444032 secs] 478795K->310829K(506816K), [Metaspace: 3361K->3361K(1056768K)], 0.0444933 secs] [Times: user=0.05 sys=0.00, real=0.05 secs]
2021-07-04T16:55:18.308+0800: [GC (Allocation Failure) 2021-07-04T16:55:18.308+0800: [ParNew: 139776K->17471K(157248K), 0.0083167 secs] 450605K->360920K(506816K), 0.0083590 secs] [Times: user=0.00 sys=0.00, real=0.01 secs]
2021-07-04T16:55:18.316+0800: [GC (CMS Initial Mark) [1 CMS-initial-mark: 343449K(349568K)] 361640K(506816K), 0.0001487 secs] [Times: user=0.00 sys=0.00, real=0.00 secs]
2021-07-04T16:55:18.317+0800: [CMS-concurrent-mark-start]
2021-07-04T16:55:18.318+0800: [CMS-concurrent-mark: 0.001/0.001 secs] [Times: user=0.00 sys=0.00, real=0.00 secs]
2021-07-04T16:55:18.318+0800: [CMS-concurrent-preclean-start]
2021-07-04T16:55:18.318+0800: [CMS-concurrent-preclean: 0.000/0.000 secs] [Times: user=0.00 sys=0.00, real=0.00 secs]
2021-07-04T16:55:18.318+0800: [CMS-concurrent-abortable-preclean-start]
2021-07-04T16:55:18.318+0800: [CMS-concurrent-abortable-preclean: 0.000/0.000 secs] [Times: user=0.00 sys=0.00, real=0.00 secs]
2021-07-04T16:55:18.318+0800: [GC (CMS Final Remark) [YG occupancy: 28677 K (157248 K)]2021-07-04T16:55:18.318+0800: [Rescan (parallel) , 0.0002756 secs]2021-07-04T16:55:18.319+0800: [weak refs processing, 0.0000259 secs]2021-07-04T16:55:18.319+0800: [class unloading, 0.0002138 secs]2021-07-04T16:55:18.319+0800: [scrub symbol table, 0.0002993 secs]2021-07-04T16:55:18.319+0800: [scrub string table, 0.0001100 secs][1 CMS-remark: 343449K(349568K)] 372126K(506816K), 0.0009786 secs] [Times: user=0.00 sys=0.00, real=0.00 secs]
2021-07-04T16:55:18.320+0800: [CMS-concurrent-sweep-start]
2021-07-04T16:55:18.320+0800: [CMS-concurrent-sweep: 0.000/0.000 secs] [Times: user=0.02 sys=0.00, real=0.00 secs]
2021-07-04T16:55:18.320+0800: [CMS-concurrent-reset-start]
2021-07-04T16:55:18.320+0800: [CMS-concurrent-reset: 0.000/0.000 secs] [Times: user=0.00 sys=0.00, real=0.00 secs]
2021-07-04T16:55:18.338+0800: [GC (Allocation Failure) 2021-07-04T16:55:18.338+0800: [ParNew: 157067K->157067K(157248K), 0.0000149 secs]2021-07-04T16:55:18.338+0800: [CMS: 305541K->326837K(349568K), 0.0495016 secs] 462609K->326837K(506816K), [Metaspace: 3361K->3361K(1056768K)], 0.0495743 secs] [Times: user=0.05 sys=0.00, real=0.05 secs]
2021-07-04T16:55:18.387+0800: [GC (CMS Initial Mark) [1 CMS-initial-mark: 326837K(349568K)] 327305K(506816K), 0.0001805 secs] [Times: user=0.00 sys=0.00, real=0.00 secs]
2021-07-04T16:55:18.388+0800: [CMS-concurrent-mark-start]
2021-07-04T16:55:18.391+0800: [CMS-concurrent-mark: 0.003/0.003 secs] [Times: user=0.00 sys=0.00, real=0.00 secs]
2021-07-04T16:55:18.391+0800: [CMS-concurrent-preclean-start]
2021-07-04T16:55:18.392+0800: [CMS-concurrent-preclean: 0.001/0.001 secs] [Times: user=0.00 sys=0.00, real=0.00 secs]
2021-07-04T16:55:18.393+0800: [CMS-concurrent-abortable-preclean-start]
2021-07-04T16:55:18.412+0800: [GC (Allocation Failure) 2021-07-04T16:55:18.412+0800: [ParNew: 139776K->139776K(157248K), 0.0000235 secs]2021-07-04T16:55:18.412+0800: [CMS2021-07-04T16:55:18.412+0800: [CMS-concurrent-abortable-preclean: 0.001/0.020 secs] [Times: user=0.02 sys=0.00, real=0.02 secs]
 (concurrent mode failure): 326837K->337166K(349568K), 0.0587717 secs] 466613K->337166K(506816K), [Metaspace: 3361K->3361K(1056768K)], 0.0588637 secs] [Times: user=0.06 sys=0.00, real=0.06 secs]
2021-07-04T16:55:18.490+0800: [GC (Allocation Failure) 2021-07-04T16:55:18.490+0800: [ParNew: 139776K->139776K(157248K), 0.0000219 secs]2021-07-04T16:55:18.490+0800: [CMS: 337166K->342249K(349568K), 0.0613303 secs] 476942K->342249K(506816K), [Metaspace: 3361K->3361K(1056768K)], 0.0614178 secs] [Times: user=0.06 sys=0.00, real=0.06 secs]
2021-07-04T16:55:18.552+0800: [GC (CMS Initial Mark) [1 CMS-initial-mark: 342249K(349568K)] 342537K(506816K), 0.0001857 secs] [Times: user=0.00 sys=0.00, real=0.00 secs]
2021-07-04T16:55:18.552+0800: [CMS-concurrent-mark-start]
2021-07-04T16:55:18.553+0800: [CMS-concurrent-mark: 0.001/0.001 secs] [Times: user=0.00 sys=0.00, real=0.00 secs]
2021-07-04T16:55:18.553+0800: [CMS-concurrent-preclean-start]
2021-07-04T16:55:18.554+0800: [CMS-concurrent-preclean: 0.001/0.001 secs] [Times: user=0.03 sys=0.00, real=0.00 secs]
2021-07-04T16:55:18.554+0800: [CMS-concurrent-abortable-preclean-start]
2021-07-04T16:55:18.554+0800: [CMS-concurrent-abortable-preclean: 0.000/0.000 secs] [Times: user=0.00 sys=0.00, real=0.00 secs]
2021-07-04T16:55:18.554+0800: [GC (CMS Final Remark) [YG occupancy: 16187 K (157248 K)]2021-07-04T16:55:18.554+0800: [Rescan (parallel) , 0.0002676 secs]2021-07-04T16:55:18.554+0800: [weak refs processing, 0.0000123 secs]2021-07-04T16:55:18.554+0800: [class unloading, 0.0002017 secs]2021-07-04T16:55:18.555+0800: [scrub symbol table, 0.0002877 secs]2021-07-04T16:55:18.555+0800: [scrub string table, 0.0001133 secs][1 CMS-remark: 342249K(349568K)] 358437K(506816K), 0.0009422 secs] [Times: user=0.00 sys=0.00, real=0.00 secs]
2021-07-04T16:55:18.555+0800: [CMS-concurrent-sweep-start]
2021-07-04T16:55:18.555+0800: [CMS-concurrent-sweep: 0.000/0.000 secs] [Times: user=0.00 sys=0.00, real=0.00 secs]
2021-07-04T16:55:18.556+0800: [CMS-concurrent-reset-start]
2021-07-04T16:55:18.556+0800: [CMS-concurrent-reset: 0.000/0.000 secs] [Times: user=0.00 sys=0.00, real=0.00 secs]
2021-07-04T16:55:18.574+0800: [GC (Allocation Failure) 2021-07-04T16:55:18.574+0800: [ParNew: 139711K->139711K(157248K), 0.0000247 secs]2021-07-04T16:55:18.574+0800: [CMS: 342021K->342554K(349568K), 0.0610439 secs] 481733K->342554K(506816K), [Metaspace: 3361K->3361K(1056768K)], 0.0611415 secs] [Times: user=0.06 sys=0.00, real=0.06 secs]
2021-07-04T16:55:18.635+0800: [GC (CMS Initial Mark) [1 CMS-initial-mark: 342554K(349568K)] 342913K(506816K), 0.0001443 secs] [Times: user=0.00 sys=0.00, real=0.00 secs]
2021-07-04T16:55:18.635+0800: [CMS-concurrent-mark-start]
2021-07-04T16:55:18.637+0800: [CMS-concurrent-mark: 0.002/0.002 secs] [Times: user=0.00 sys=0.00, real=0.00 secs]
2021-07-04T16:55:18.637+0800: [CMS-concurrent-preclean-start]
2021-07-04T16:55:18.638+0800: [CMS-concurrent-preclean: 0.001/0.001 secs] [Times: user=0.00 sys=0.00, real=0.00 secs]
2021-07-04T16:55:18.638+0800: [CMS-concurrent-abortable-preclean-start]
2021-07-04T16:55:18.638+0800: [CMS-concurrent-abortable-preclean: 0.000/0.000 secs] [Times: user=0.00 sys=0.00, real=0.00 secs]
2021-07-04T16:55:18.638+0800: [GC (CMS Final Remark) [YG occupancy: 24887 K (157248 K)]2021-07-04T16:55:18.638+0800: [Rescan (parallel) , 0.0002780 secs]2021-07-04T16:55:18.638+0800: [weak refs processing, 0.0000135 secs]2021-07-04T16:55:18.638+0800: [class unloading, 0.0003696 secs]2021-07-04T16:55:18.639+0800: [scrub symbol table, 0.0005126 secs]2021-07-04T16:55:18.639+0800: [scrub string table, 0.0002481 secs][1 CMS-remark: 342554K(349568K)] 367442K(506816K), 0.0015136 secs] [Times: user=0.00 sys=0.00, real=0.00 secs]
2021-07-04T16:55:18.640+0800: [CMS-concurrent-sweep-start]
2021-07-04T16:55:18.641+0800: [CMS-concurrent-sweep: 0.001/0.001 secs] [Times: user=0.00 sys=0.00, real=0.00 secs]
2021-07-04T16:55:18.641+0800: [CMS-concurrent-reset-start]
2021-07-04T16:55:18.641+0800: [CMS-concurrent-reset: 0.001/0.001 secs] [Times: user=0.00 sys=0.00, real=0.00 secs]
2021-07-04T16:55:18.663+0800: [GC (Allocation Failure) 2021-07-04T16:55:18.663+0800: [ParNew: 139776K->139776K(157248K), 0.0000151 secs]2021-07-04T16:55:18.663+0800: [CMS: 342325K->349554K(349568K), 0.0647523 secs] 482101K->351484K(506816K), [Metaspace: 3838K->3838K(1056768K)], 0.0648339 secs] [Times: user=0.08 sys=0.00, real=0.06 secs]
2021-07-04T16:55:18.728+0800: [GC (CMS Initial Mark) [1 CMS-initial-mark: 349554K(349568K)] 351689K(506816K), 0.0002631 secs] [Times: user=0.00 sys=0.00, real=0.00 secs]
2021-07-04T16:55:18.729+0800: [CMS-concurrent-mark-start]
执行结束!共生成对象次数:10507
Heap
 par new generation   total 157248K, used 7689K [0x00000000e0000000, 0x00000000eaaa0000, 0x00000000eaaa0000)
  eden space 139776K,   5% used [0x00000000e0000000, 0x00000000e07827d8, 0x00000000e8880000)
  from space 17472K,   0% used [0x00000000e8880000, 0x00000000e8880000, 0x00000000e9990000)
  to   space 17472K,   0% used [0x00000000e9990000, 0x00000000e9990000, 0x00000000eaaa0000)
 concurrent mark-sweep generation total 349568K, used 349554K [0x00000000eaaa0000, 0x0000000100000000, 0x0000000100000000)
 Metaspace       used 3856K, capacity 4540K, committed 4864K, reserved 1056768K
  class space    used 426K, capacity 428K, committed 512K, reserved 1048576K
