"C:\Program Files\Java\jdk1.8.0_271\bin\java.exe" -XX:+PrintGC -XX:+PrintGCDateStamps -Xmx1g -Xms1g -XX:+UseG1GC "-javaagent:C:\dev\JetBrains\IntelliJ IDEA 2020.2.3\lib\idea_rt.jar=59168:C:\dev\JetBrains\IntelliJ IDEA 2020.2.3\bin" -Dfile.encoding=UTF-8 -classpath "C:\Program Files\Java\jdk1.8.0_271\jre\lib\charsets.jar;C:\Program Files\Java\jdk1.8.0_271\jre\lib\deploy.jar;C:\Program Files\Java\jdk1.8.0_271\jre\lib\ext\access-bridge-64.jar;C:\Program Files\Java\jdk1.8.0_271\jre\lib\ext\cldrdata.jar;C:\Program Files\Java\jdk1.8.0_271\jre\lib\ext\dnsns.jar;C:\Program Files\Java\jdk1.8.0_271\jre\lib\ext\jaccess.jar;C:\Program Files\Java\jdk1.8.0_271\jre\lib\ext\jfxrt.jar;C:\Program Files\Java\jdk1.8.0_271\jre\lib\ext\localedata.jar;C:\Program Files\Java\jdk1.8.0_271\jre\lib\ext\nashorn.jar;C:\Program Files\Java\jdk1.8.0_271\jre\lib\ext\sunec.jar;C:\Program Files\Java\jdk1.8.0_271\jre\lib\ext\sunjce_provider.jar;C:\Program Files\Java\jdk1.8.0_271\jre\lib\ext\sunmscapi.jar;C:\Program Files\Java\jdk1.8.0_271\jre\lib\ext\sunpkcs11.jar;C:\Program Files\Java\jdk1.8.0_271\jre\lib\ext\zipfs.jar;C:\Program Files\Java\jdk1.8.0_271\jre\lib\javaws.jar;C:\Program Files\Java\jdk1.8.0_271\jre\lib\jce.jar;C:\Program Files\Java\jdk1.8.0_271\jre\lib\jfr.jar;C:\Program Files\Java\jdk1.8.0_271\jre\lib\jfxswt.jar;C:\Program Files\Java\jdk1.8.0_271\jre\lib\jsse.jar;C:\Program Files\Java\jdk1.8.0_271\jre\lib\management-agent.jar;C:\Program Files\Java\jdk1.8.0_271\jre\lib\plugin.jar;C:\Program Files\Java\jdk1.8.0_271\jre\lib\resources.jar;C:\Program Files\Java\jdk1.8.0_271\jre\lib\rt.jar;C:\Users\zhaochurui\IdeaProjects\zcr\javaCourse\target\classes;C:\Users\zhaochurui\.m2\repository\com\squareup\okhttp3\okhttp\4.9.1\okhttp-4.9.1.jar;C:\Users\zhaochurui\.m2\repository\com\squareup\okio\okio\2.8.0\okio-2.8.0.jar;C:\Users\zhaochurui\.m2\repository\org\jetbrains\kotlin\kotlin-stdlib-common\1.4.0\kotlin-stdlib-common-1.4.0.jar;C:\Users\zhaochurui\.m2\repository\org\jetbrains\kotlin\kotlin-stdlib\1.4.10\kotlin-stdlib-1.4.10.jar;C:\Users\zhaochurui\.m2\repository\org\jetbrains\annotations\13.0\annotations-13.0.jar" com.zcr.c002.teacherdemo.GCLogAnalysis
正在执行...
2021-07-04T17:03:54.191+0800: [GC pause (G1 Evacuation Pause) (young) 64M->20M(1024M), 0.0038724 secs]
2021-07-04T17:03:54.204+0800: [GC pause (G1 Evacuation Pause) (young) 73M->40M(1024M), 0.0039784 secs]
2021-07-04T17:03:54.219+0800: [GC pause (G1 Evacuation Pause) (young) 94M->58M(1024M), 0.0032033 secs]
2021-07-04T17:03:54.240+0800: [GC pause (G1 Evacuation Pause) (young) 142M->89M(1024M), 0.0044267 secs]
2021-07-04T17:03:54.263+0800: [GC pause (G1 Evacuation Pause) (young) 181M->121M(1024M), 0.0050388 secs]
2021-07-04T17:03:54.298+0800: [GC pause (G1 Evacuation Pause) (young) 250M->163M(1024M), 0.0056914 secs]
2021-07-04T17:03:54.338+0800: [GC pause (G1 Evacuation Pause) (young) 334M->207M(1024M), 0.0075814 secs]
2021-07-04T17:03:54.544+0800: [GC pause (G1 Evacuation Pause) (young)-- 913M->687M(1024M), 0.0028167 secs]
2021-07-04T17:03:54.547+0800: [GC pause (G1 Humongous Allocation) (young) (initial-mark) 689M->688M(1024M), 0.0011562 secs]
2021-07-04T17:03:54.549+0800: [GC concurrent-root-region-scan-start]
2021-07-04T17:03:54.549+0800: [GC concurrent-root-region-scan-end, 0.0001061 secs]
2021-07-04T17:03:54.549+0800: [GC concurrent-mark-start]
2021-07-04T17:03:54.551+0800: [GC concurrent-mark-end, 0.0019995 secs]
2021-07-04T17:03:54.551+0800: [GC remark, 0.0010874 secs]
2021-07-04T17:03:54.552+0800: [GC cleanup 708M->702M(1024M), 0.0005795 secs]
2021-07-04T17:03:54.553+0800: [GC concurrent-cleanup-start]
2021-07-04T17:03:54.553+0800: [GC concurrent-cleanup-end, 0.0000183 secs]
2021-07-04T17:03:54.574+0800: [GC pause (G1 Evacuation Pause) (young) 856M->727M(1024M), 0.0048256 secs]
2021-07-04T17:03:54.583+0800: [GC pause (G1 Evacuation Pause) (mixed) 774M->641M(1024M), 0.0041009 secs]
2021-07-04T17:03:54.594+0800: [GC pause (G1 Evacuation Pause) (mixed) 696M->563M(1024M), 0.0047518 secs]
2021-07-04T17:03:54.605+0800: [GC pause (G1 Evacuation Pause) (mixed) 614M->492M(1024M), 0.0052392 secs]
2021-07-04T17:03:54.617+0800: [GC pause (G1 Evacuation Pause) (mixed) 556M->436M(1024M), 0.0057552 secs]
2021-07-04T17:03:54.629+0800: [GC pause (G1 Evacuation Pause) (mixed) 491M->403M(1024M), 0.0058475 secs]
2021-07-04T17:03:54.639+0800: [GC pause (G1 Humongous Allocation) (young) (initial-mark) 444M->415M(1024M), 0.0028001 secs]
2021-07-04T17:03:54.642+0800: [GC concurrent-root-region-scan-start]
2021-07-04T17:03:54.642+0800: [GC concurrent-root-region-scan-end, 0.0001282 secs]
2021-07-04T17:03:54.642+0800: [GC concurrent-mark-start]
2021-07-04T17:03:54.644+0800: [GC concurrent-mark-end, 0.0017804 secs]
2021-07-04T17:03:54.644+0800: [GC remark, 0.0013937 secs]
2021-07-04T17:03:54.646+0800: [GC cleanup 431M->427M(1024M), 0.0007154 secs]
2021-07-04T17:03:54.646+0800: [GC concurrent-cleanup-start]
2021-07-04T17:03:54.646+0800: [GC concurrent-cleanup-end, 0.0000174 secs]
2021-07-04T17:03:54.700+0800: [GC pause (G1 Evacuation Pause) (young)-- 880M->702M(1024M), 0.0054523 secs]
2021-07-04T17:03:54.708+0800: [GC pause (G1 Evacuation Pause) (mixed) 728M->636M(1024M), 0.0064409 secs]
2021-07-04T17:03:54.715+0800: [GC pause (G1 Humongous Allocation) (young) (initial-mark) 644M->636M(1024M), 0.0017146 secs]
2021-07-04T17:03:54.717+0800: [GC concurrent-root-region-scan-start]
2021-07-04T17:03:54.717+0800: [GC concurrent-root-region-scan-end, 0.0001652 secs]
2021-07-04T17:03:54.717+0800: [GC concurrent-mark-start]
2021-07-04T17:03:54.720+0800: [GC concurrent-mark-end, 0.0021294 secs]
2021-07-04T17:03:54.720+0800: [GC remark, 0.0014057 secs]
2021-07-04T17:03:54.721+0800: [GC cleanup 652M->644M(1024M), 0.0005773 secs]
2021-07-04T17:03:54.722+0800: [GC concurrent-cleanup-start]
2021-07-04T17:03:54.722+0800: [GC concurrent-cleanup-end, 0.0000187 secs]
2021-07-04T17:03:54.750+0800: [GC pause (G1 Evacuation Pause) (young) 866M->687M(1024M), 0.0067354 secs]
2021-07-04T17:03:54.761+0800: [GC pause (G1 Evacuation Pause) (mixed) 718M->601M(1024M), 0.0051245 secs]
2021-07-04T17:03:54.776+0800: [GC pause (G1 Evacuation Pause) (mixed) 656M->531M(1024M), 0.0059018 secs]
2021-07-04T17:03:54.791+0800: [GC pause (G1 Evacuation Pause) (mixed) 588M->475M(1024M), 0.0069031 secs]
2021-07-04T17:03:54.807+0800: [GC pause (G1 Evacuation Pause) (mixed) 528M->474M(1024M), 0.0037060 secs]
2021-07-04T17:03:54.811+0800: [GC pause (G1 Humongous Allocation) (young) (initial-mark) 474M->473M(1024M), 0.0022096 secs]
2021-07-04T17:03:54.813+0800: [GC concurrent-root-region-scan-start]
2021-07-04T17:03:54.813+0800: [GC concurrent-root-region-scan-end, 0.0001337 secs]
2021-07-04T17:03:54.813+0800: [GC concurrent-mark-start]
2021-07-04T17:03:54.815+0800: [GC concurrent-mark-end, 0.0021568 secs]
2021-07-04T17:03:54.815+0800: [GC remark, 0.0013328 secs]
2021-07-04T17:03:54.817+0800: [GC cleanup 484M->480M(1024M), 0.0005237 secs]
2021-07-04T17:03:54.817+0800: [GC concurrent-cleanup-start]
2021-07-04T17:03:54.817+0800: [GC concurrent-cleanup-end, 0.0000164 secs]
2021-07-04T17:03:54.865+0800: [GC pause (G1 Evacuation Pause) (young)-- 846M->602M(1024M), 0.0076682 secs]
2021-07-04T17:03:54.874+0800: [GC pause (G1 Evacuation Pause) (mixed) 614M->532M(1024M), 0.0074475 secs]
2021-07-04T17:03:54.888+0800: [GC pause (G1 Evacuation Pause) (mixed) 590M->541M(1024M), 0.0030489 secs]
2021-07-04T17:03:54.892+0800: [GC pause (G1 Humongous Allocation) (young) (initial-mark) 542M->541M(1024M), 0.0013046 secs]
2021-07-04T17:03:54.893+0800: [GC concurrent-root-region-scan-start]
2021-07-04T17:03:54.893+0800: [GC concurrent-root-region-scan-end, 0.0001040 secs]
2021-07-04T17:03:54.893+0800: [GC concurrent-mark-start]
2021-07-04T17:03:54.895+0800: [GC concurrent-mark-end, 0.0014564 secs]
2021-07-04T17:03:54.895+0800: [GC remark, 0.0012985 secs]
2021-07-04T17:03:54.896+0800: [GC cleanup 553M->545M(1024M), 0.0005633 secs]
2021-07-04T17:03:54.897+0800: [GC concurrent-cleanup-start]
2021-07-04T17:03:54.897+0800: [GC concurrent-cleanup-end, 0.0000223 secs]
2021-07-04T17:03:54.926+0800: [GC pause (G1 Evacuation Pause) (young) 823M->600M(1024M), 0.0075646 secs]
2021-07-04T17:03:54.936+0800: [GC pause (G1 Evacuation Pause) (mixed) 626M->517M(1024M), 0.0057126 secs]
2021-07-04T17:03:54.948+0800: [GC pause (G1 Evacuation Pause) (mixed) 572M->480M(1024M), 0.0053751 secs]
2021-07-04T17:03:54.954+0800: [GC pause (G1 Humongous Allocation) (young) (initial-mark) 481M->481M(1024M), 0.0015207 secs]
2021-07-04T17:03:54.956+0800: [GC concurrent-root-region-scan-start]
2021-07-04T17:03:54.956+0800: [GC concurrent-root-region-scan-end, 0.0001996 secs]
2021-07-04T17:03:54.956+0800: [GC concurrent-mark-start]
2021-07-04T17:03:54.958+0800: [GC concurrent-mark-end, 0.0020500 secs]
2021-07-04T17:03:54.958+0800: [GC remark, 0.0013730 secs]
2021-07-04T17:03:54.960+0800: [GC cleanup 496M->493M(1024M), 0.0006293 secs]
2021-07-04T17:03:54.960+0800: [GC concurrent-cleanup-start]
2021-07-04T17:03:54.960+0800: [GC concurrent-cleanup-end, 0.0000176 secs]
2021-07-04T17:03:55.003+0800: [GC pause (G1 Evacuation Pause) (young)-- 840M->580M(1024M), 0.0084421 secs]
2021-07-04T17:03:55.015+0800: [GC pause (G1 Evacuation Pause) (mixed) 595M->506M(1024M), 0.0069159 secs]
2021-07-04T17:03:55.033+0800: [GC pause (G1 Evacuation Pause) (mixed) 563M->517M(1024M), 0.0034009 secs]
2021-07-04T17:03:55.036+0800: [GC pause (G1 Humongous Allocation) (young) (initial-mark) 517M->517M(1024M), 0.0015042 secs]
2021-07-04T17:03:55.038+0800: [GC concurrent-root-region-scan-start]
2021-07-04T17:03:55.038+0800: [GC concurrent-root-region-scan-end, 0.0001639 secs]
2021-07-04T17:03:55.038+0800: [GC concurrent-mark-start]
2021-07-04T17:03:55.040+0800: [GC concurrent-mark-end, 0.0022648 secs]
2021-07-04T17:03:55.040+0800: [GC remark, 0.0012777 secs]
2021-07-04T17:03:55.041+0800: [GC cleanup 530M->527M(1024M), 0.0005815 secs]
2021-07-04T17:03:55.042+0800: [GC concurrent-cleanup-start]
2021-07-04T17:03:55.042+0800: [GC concurrent-cleanup-end, 0.0000162 secs]
2021-07-04T17:03:55.080+0800: [GC pause (G1 Evacuation Pause) (young) 843M->588M(1024M), 0.0088939 secs]
2021-07-04T17:03:55.091+0800: [GC pause (G1 Evacuation Pause) (mixed) 608M->513M(1024M), 0.0062759 secs]
2021-07-04T17:03:55.104+0800: [GC pause (G1 Evacuation Pause) (mixed) 570M->490M(1024M), 0.0050394 secs]
2021-07-04T17:03:55.110+0800: [GC pause (G1 Humongous Allocation) (young) (initial-mark) 498M->491M(1024M), 0.0017191 secs]
2021-07-04T17:03:55.112+0800: [GC concurrent-root-region-scan-start]
2021-07-04T17:03:55.112+0800: [GC concurrent-root-region-scan-end, 0.0001314 secs]
2021-07-04T17:03:55.112+0800: [GC concurrent-mark-start]
2021-07-04T17:03:55.114+0800: [GC concurrent-mark-end, 0.0019300 secs]
2021-07-04T17:03:55.114+0800: [GC remark, 0.0013028 secs]
2021-07-04T17:03:55.116+0800: [GC cleanup 505M->498M(1024M), 0.0005301 secs]
2021-07-04T17:03:55.116+0800: [GC concurrent-cleanup-start]
2021-07-04T17:03:55.116+0800: [GC concurrent-cleanup-end, 0.0000184 secs]
执行结束!共生成对象次数:17462
